Archive member included to satisfy reference by file (symbol)

/usr/local/gcc-arm-none-eabi-10.3-2021.10/bin/../lib/gcc/arm-none-eabi/10.3.1/thumb/v7e-m+fp/hard/libgcc.a(_aeabi_uldivmod.o)
                              cmake/stm32cubemx/CMakeFiles/STM32_Drivers.dir/__/__/Drivers/STM32F4xx_HAL_Driver/Src/stm32f4xx_hal_uart.c.obj (__aeabi_uldivmod)
/usr/local/gcc-arm-none-eabi-10.3-2021.10/bin/../lib/gcc/arm-none-eabi/10.3.1/thumb/v7e-m+fp/hard/libgcc.a(_udivmoddi4.o)
                              /usr/local/gcc-arm-none-eabi-10.3-2021.10/bin/../lib/gcc/arm-none-eabi/10.3.1/thumb/v7e-m+fp/hard/libgcc.a(_aeabi_uldivmod.o) (__udivmoddi4)
/usr/local/gcc-arm-none-eabi-10.3-2021.10/bin/../lib/gcc/arm-none-eabi/10.3.1/thumb/v7e-m+fp/hard/libgcc.a(_dvmd_tls.o)
                              /usr/local/gcc-arm-none-eabi-10.3-2021.10/bin/../lib/gcc/arm-none-eabi/10.3.1/thumb/v7e-m+fp/hard/libgcc.a(_aeabi_uldivmod.o) (__aeabi_ldiv0)
/usr/local/gcc-arm-none-eabi-10.3-2021.10/bin/../lib/gcc/arm-none-eabi/10.3.1/../../../../arm-none-eabi/lib/thumb/v7e-m+fp/hard/libg_nano.a(lib_a-errno.o)
                              CMakeFiles/zlink_test.dir/Core/Src/sysmem.c.obj (__errno)
/usr/local/gcc-arm-none-eabi-10.3-2021.10/bin/../lib/gcc/arm-none-eabi/10.3.1/../../../../arm-none-eabi/lib/thumb/v7e-m+fp/hard/libg_nano.a(lib_a-exit.o)
                              /usr/local/gcc-arm-none-eabi-10.3-2021.10/bin/../lib/gcc/arm-none-eabi/10.3.1/../../../../arm-none-eabi/lib/thumb/v7e-m+fp/hard/crt0.o (exit)
/usr/local/gcc-arm-none-eabi-10.3-2021.10/bin/../lib/gcc/arm-none-eabi/10.3.1/../../../../arm-none-eabi/lib/thumb/v7e-m+fp/hard/libg_nano.a(lib_a-impure.o)
                              /usr/local/gcc-arm-none-eabi-10.3-2021.10/bin/../lib/gcc/arm-none-eabi/10.3.1/../../../../arm-none-eabi/lib/thumb/v7e-m+fp/hard/libg_nano.a(lib_a-exit.o) (_global_impure_ptr)
/usr/local/gcc-arm-none-eabi-10.3-2021.10/bin/../lib/gcc/arm-none-eabi/10.3.1/../../../../arm-none-eabi/lib/thumb/v7e-m+fp/hard/libg_nano.a(lib_a-init.o)
                              /usr/local/gcc-arm-none-eabi-10.3-2021.10/bin/../lib/gcc/arm-none-eabi/10.3.1/../../../../arm-none-eabi/lib/thumb/v7e-m+fp/hard/crt0.o (__libc_init_array)
/usr/local/gcc-arm-none-eabi-10.3-2021.10/bin/../lib/gcc/arm-none-eabi/10.3.1/../../../../arm-none-eabi/lib/thumb/v7e-m+fp/hard/libg_nano.a(lib_a-memset.o)
                              /usr/local/gcc-arm-none-eabi-10.3-2021.10/bin/../lib/gcc/arm-none-eabi/10.3.1/../../../../arm-none-eabi/lib/thumb/v7e-m+fp/hard/crt0.o (memset)
/usr/local/gcc-arm-none-eabi-10.3-2021.10/bin/../lib/gcc/arm-none-eabi/10.3.1/../../../../arm-none-eabi/lib/thumb/v7e-m+fp/hard/libg_nano.a(lib_a-printf.o)
                              CMakeFiles/zlink_test.dir/Core/Src/main.c.obj (printf)
/usr/local/gcc-arm-none-eabi-10.3-2021.10/bin/../lib/gcc/arm-none-eabi/10.3.1/../../../../arm-none-eabi/lib/thumb/v7e-m+fp/hard/libg_nano.a(lib_a-findfp.o)
                              /usr/local/gcc-arm-none-eabi-10.3-2021.10/bin/../lib/gcc/arm-none-eabi/10.3.1/../../../../arm-none-eabi/lib/thumb/v7e-m+fp/hard/libg_nano.a(lib_a-printf.o) (__sinit)
/usr/local/gcc-arm-none-eabi-10.3-2021.10/bin/../lib/gcc/arm-none-eabi/10.3.1/../../../../arm-none-eabi/lib/thumb/v7e-m+fp/hard/libg_nano.a(lib_a-fwalk.o)
                              /usr/local/gcc-arm-none-eabi-10.3-2021.10/bin/../lib/gcc/arm-none-eabi/10.3.1/../../../../arm-none-eabi/lib/thumb/v7e-m+fp/hard/libg_nano.a(lib_a-findfp.o) (_fwalk)
/usr/local/gcc-arm-none-eabi-10.3-2021.10/bin/../lib/gcc/arm-none-eabi/10.3.1/../../../../arm-none-eabi/lib/thumb/v7e-m+fp/hard/libg_nano.a(lib_a-lock.o)
                              /usr/local/gcc-arm-none-eabi-10.3-2021.10/bin/../lib/gcc/arm-none-eabi/10.3.1/../../../../arm-none-eabi/lib/thumb/v7e-m+fp/hard/libg_nano.a(lib_a-findfp.o) (__retarget_lock_init_recursive)
/usr/local/gcc-arm-none-eabi-10.3-2021.10/bin/../lib/gcc/arm-none-eabi/10.3.1/../../../../arm-none-eabi/lib/thumb/v7e-m+fp/hard/libg_nano.a(lib_a-nano-mallocr.o)
                              /usr/local/gcc-arm-none-eabi-10.3-2021.10/bin/../lib/gcc/arm-none-eabi/10.3.1/../../../../arm-none-eabi/lib/thumb/v7e-m+fp/hard/libg_nano.a(lib_a-findfp.o) (_malloc_r)
/usr/local/gcc-arm-none-eabi-10.3-2021.10/bin/../lib/gcc/arm-none-eabi/10.3.1/../../../../arm-none-eabi/lib/thumb/v7e-m+fp/hard/libg_nano.a(lib_a-nano-vfprintf.o)
                              /usr/local/gcc-arm-none-eabi-10.3-2021.10/bin/../lib/gcc/arm-none-eabi/10.3.1/../../../../arm-none-eabi/lib/thumb/v7e-m+fp/hard/libg_nano.a(lib_a-printf.o) (_vfprintf_r)
/usr/local/gcc-arm-none-eabi-10.3-2021.10/bin/../lib/gcc/arm-none-eabi/10.3.1/../../../../arm-none-eabi/lib/thumb/v7e-m+fp/hard/libg_nano.a(lib_a-nano-vfprintf_i.o)
                              /usr/local/gcc-arm-none-eabi-10.3-2021.10/bin/../lib/gcc/arm-none-eabi/10.3.1/../../../../arm-none-eabi/lib/thumb/v7e-m+fp/hard/libg_nano.a(lib_a-nano-vfprintf.o) (_printf_i)
[...]
Memory Configuration

Name             Origin             Length             Attributes
RAM              0x0000000020000000 0x0000000000020000 xrw
CCMRAM           0x0000000010000000 0x0000000000010000 xrw
FLASH            0x0000000008000000 0x0000000000100000 xr
*default*        0x0000000000000000 0xffffffffffffffff

Linker script and memory map

LOAD /usr/local/gcc-arm-none-eabi-10.3-2021.10/bin/../lib/gcc/arm-none-eabi/10.3.1/thumb/v7e-m+fp/hard/crti.o
LOAD /usr/local/gcc-arm-none-eabi-10.3-2021.10/bin/../lib/gcc/arm-none-eabi/10.3.1/thumb/v7e-m+fp/hard/crtbegin.o
LOAD /usr/local/gcc-arm-none-eabi-10.3-2021.10/bin/../lib/gcc/arm-none-eabi/10.3.1/../../../../arm-none-eabi/lib/thumb/v7e-m+fp/hard/crt0.o
LOAD cmake/stm32cubemx/CMakeFiles/STM32_Drivers.dir/__/__/Core/Src/system_stm32f4xx.c.obj
LOAD cmake/stm32cubemx/CMakeFiles/STM32_Drivers.dir/__/__/Drivers/STM32F4xx_HAL_Driver/Src/stm32f4xx_hal_uart.c.obj
LOAD cmake/stm32cubemx/CMakeFiles/STM32_Drivers.dir/__/__/Drivers/STM32F4xx_HAL_Driver/Src/stm32f4xx_hal_rcc.c.obj
LOAD cmake/stm32cubemx/CMakeFiles/STM32_Drivers.dir/__/__/Drivers/STM32F4xx_HAL_Driver/Src/stm32f4xx_hal_rcc_ex.c.obj
LOAD cmake/stm32cubemx/CMakeFiles/STM32_Drivers.dir/__/__/Drivers/STM32F4xx_HAL_Driver/Src/stm32f4xx_hal_flash.c.obj
LOAD cmake/stm32cubemx/CMakeFiles/STM32_Drivers.dir/__/__/Drivers/STM32F4xx_HAL_Driver/Src/stm32f4xx_hal_flash_ex.c.obj
LOAD cmake/stm32cubemx/CMakeFiles/STM32_Drivers.dir/__/__/Drivers/STM32F4xx_HAL_Driver/Src/stm32f4xx_hal_flash_ramfunc.c.obj
LOAD cmake/stm32cubemx/CMakeFiles/STM32_Drivers.dir/__/__/Drivers/STM32F4xx_HAL_Driver/Src/stm32f4xx_hal_gpio.c.obj
LOAD cmake/stm32cubemx/CMakeFiles/STM32_Drivers.dir/__/__/Drivers/STM32F4xx_HAL_Driver/Src/stm32f4xx_hal_dma_ex.c.obj
LOAD cmake/stm32cubemx/CMakeFiles/STM32_Drivers.dir/__/__/Drivers/STM32F4xx_HAL_Driver/Src/stm32f4xx_hal_dma.c.obj
LOAD cmake/stm32cubemx/CMakeFiles/STM32_Drivers.dir/__/__/Drivers/STM32F4xx_HAL_Driver/Src/stm32f4xx_hal_pwr.c.obj
LOAD cmake/stm32cubemx/CMakeFiles/STM32_Drivers.dir/__/__/Drivers/STM32F4xx_HAL_Driver/Src/stm32f4xx_hal_pwr_ex.c.obj
LOAD cmake/stm32cubemx/CMakeFiles/STM32_Drivers.dir/__/__/Drivers/STM32F4xx_HAL_Driver/Src/stm32f4xx_hal_cortex.c.obj
LOAD cmake/stm32cubemx/CMakeFiles/STM32_Drivers.dir/__/__/Drivers/STM32F4xx_HAL_Driver/Src/stm32f4xx_hal.c.obj
LOAD cmake/stm32cubemx/CMakeFiles/STM32_Drivers.dir/__/__/Drivers/STM32F4xx_HAL_Driver/Src/stm32f4xx_hal_exti.c.obj
LOAD CMakeFiles/zlink_test.dir/Core/Src/main.c.obj
LOAD CMakeFiles/zlink_test.dir/Core/Src/gpio.c.obj
LOAD CMakeFiles/zlink_test.dir/Core/Src/usart.c.obj
LOAD CMakeFiles/zlink_test.dir/Core/Src/stm32f4xx_it.c.obj
LOAD CMakeFiles/zlink_test.dir/Core/Src/stm32f4xx_hal_msp.c.obj
LOAD CMakeFiles/zlink_test.dir/Core/Src/sysmem.c.obj
LOAD CMakeFiles/zlink_test.dir/Core/Src/syscalls.c.obj
LOAD CMakeFiles/zlink_test.dir/startup_stm32f407xx.s.obj
LOAD /usr/local/gcc-arm-none-eabi-10.3-2021.10/bin/../lib/gcc/arm-none-eabi/10.3.1/../../../../arm-none-eabi/lib/thumb/v7e-m+fp/hard/libm.a
START GROUP
LOAD /usr/local/gcc-arm-none-eabi-10.3-2021.10/bin/../lib/gcc/arm-none-eabi/10.3.1/thumb/v7e-m+fp/hard/libgcc.a
LOAD /usr/local/gcc-arm-none-eabi-10.3-2021.10/bin/../lib/gcc/arm-none-eabi/10.3.1/../../../../arm-none-eabi/lib/thumb/v7e-m+fp/hard/libg_nano.a
LOAD /usr/local/gcc-arm-none-eabi-10.3-2021.10/bin/../lib/gcc/arm-none-eabi/10.3.1/../../../../arm-none-eabi/lib/thumb/v7e-m+fp/hard/libc_nano.a
END GROUP
START GROUP
LOAD /usr/local/gcc-arm-none-eabi-10.3-2021.10/bin/../lib/gcc/arm-none-eabi/10.3.1/thumb/v7e-m+fp/hard/libgcc.a
LOAD /usr/local/gcc-arm-none-eabi-10.3-2021.10/bin/../lib/gcc/arm-none-eabi/10.3.1/../../../../arm-none-eabi/lib/thumb/v7e-m+fp/hard/libc_nano.a
END GROUP
LOAD /usr/local/gcc-arm-none-eabi-10.3-2021.10/bin/../lib/gcc/arm-none-eabi/10.3.1/thumb/v7e-m+fp/hard/crtend.o
LOAD /usr/local/gcc-arm-none-eabi-10.3-2021.10/bin/../lib/gcc/arm-none-eabi/10.3.1/thumb/v7e-m+fp/hard/crtn.o
                0x0000000020020000                _estack = (ORIGIN (RAM) + LENGTH (RAM))
                0x000000002001fc00                _sstack = (_estack - _Min_Stack_Size)
                0x0000000000000200                _Min_Heap_Size = 0x200
                0x0000000000000400                _Min_Stack_Size = 0x400

.isr_vector     0x0000000008000000      0x188
                0x0000000008000000                . = ALIGN (0x4)
 *(.isr_vector)
 .isr_vector    0x0000000008000000      0x188 CMakeFiles/zlink_test.dir/startup_stm32f407xx.s.obj
                0x0000000008000000                g_pfnVectors
                0x0000000008000188                . = ALIGN (0x4)

.text           0x0000000008000190     0x3ac4
                0x0000000008000190                . = ALIGN (0x4)
 *(.text)
 .text          0x0000000008000190       0x40 /usr/local/gcc-arm-none-eabi-10.3-2021.10/bin/../lib/gcc/arm-none-eabi/10.3.1/thumb/v7e-m+fp/hard/crtbegin.o
 .text          0x00000000080001d0       0x30 /usr/local/gcc-arm-none-eabi-10.3-2021.10/bin/../lib/gcc/arm-none-eabi/10.3.1/thumb/v7e-m+fp/hard/libgcc.a(_aeabi_uldivmod.o)
                0x00000000080001d0                __aeabi_uldivmod
 .text          0x0000000008000200      0x2d0 /usr/local/gcc-arm-none-eabi-10.3-2021.10/bin/../lib/gcc/arm-none-eabi/10.3.1/thumb/v7e-m+fp/hard/libgcc.a(_udivmoddi4.o)
                0x0000000008000200                __udivmoddi4
 .text          0x00000000080004d0        0x4 /usr/local/gcc-arm-none-eabi-10.3-2021.10/bin/../lib/gcc/arm-none-eabi/10.3.1/thumb/v7e-m+fp/hard/libgcc.a(_dvmd_tls.o)
                0x00000000080004d0                __aeabi_ldiv0
                0x00000000080004d0                __aeabi_idiv0
 *fill*         0x00000000080004d4        0xc 
 .text          0x00000000080004e0       0xa0 /usr/local/gcc-arm-none-eabi-10.3-2021.10/bin/../lib/gcc/arm-none-eabi/10.3.1/../../../../arm-none-eabi/lib/thumb/v7e-m+fp/hard/libg_nano.a(lib_a-memchr.o)
                0x00000000080004e0                memchr
 *(.text*)
 .text.SystemInit
                0x0000000008000580       0x24 cmake/stm32cubemx/CMakeFiles/STM32_Drivers.dir/__/__/Core/Src/system_stm32f4xx.c.obj
                0x0000000008000580                SystemInit
 .text.HAL_UART_Init
                0x00000000080005a4       0xa0 cmake/stm32cubemx/CMakeFiles/STM32_Drivers.dir/__/__/Drivers/STM32F4xx_HAL_Driver/Src/stm32f4xx_hal_uart.c.obj
                0x00000000080005a4                HAL_UART_Init
 .text.HAL_UART_Transmit
                0x0000000008000644      0x116 cmake/stm32cubemx/CMakeFiles/STM32_Drivers.dir/__/__/Drivers/STM32F4xx_HAL_Driver/Src/stm32f4xx_hal_uart.c.obj
                0x0000000008000644                HAL_UART_Transmit
 .text.HAL_UART_Receive
                0x000000000800075a      0x12e cmake/stm32cubemx/CMakeFiles/STM32_Drivers.dir/__/__/Drivers/STM32F4xx_HAL_Driver/Src/stm32f4xx_hal_uart.c.obj
                0x000000000800075a                HAL_UART_Receive
 .text.HAL_UART_IRQHandler
                0x0000000008000888      0x554 cmake/stm32cubemx/CMakeFiles/STM32_Drivers.dir/__/__/Drivers/STM32F4xx_HAL_Driver/Src/stm32f4xx_hal_uart.c.obj
                0x0000000008000888                HAL_UART_IRQHandler
 .text.HAL_UART_TxCpltCallback
                0x0000000008000ddc       0x14 cmake/stm32cubemx/CMakeFiles/STM32_Drivers.dir/__/__/Drivers/STM32F4xx_HAL_Driver/Src/stm32f4xx_hal_uart.c.obj
                0x0000000008000ddc                HAL_UART_TxCpltCallback
 .text.HAL_UART_RxCpltCallback
                0x0000000008000df0       0x14 cmake/stm32cubemx/CMakeFiles/STM32_Drivers.dir/__/__/Drivers/STM32F4xx_HAL_Driver/Src/stm32f4xx_hal_uart.c.obj
                0x0000000008000df0                HAL_UART_RxCpltCallback
 .text.HAL_UART_ErrorCallback
                0x0000000008000e04       0x14 cmake/stm32cubemx/CMakeFiles/STM32_Drivers.dir/__/__/Drivers/STM32F4xx_HAL_Driver/Src/stm32f4xx_hal_uart.c.obj
                0x0000000008000e04                HAL_UART_ErrorCallback
 .text.HAL_UARTEx_RxEventCallback
                0x0000000008000e18       0x18 cmake/stm32cubemx/CMakeFiles/STM32_Drivers.dir/__/__/Drivers/STM32F4xx_HAL_Driver/Src/stm32f4xx_hal_uart.c.obj
                0x0000000008000e18                HAL_UARTEx_RxEventCallback
 .text.UART_WaitOnFlagUntilTimeout
                0x0000000008000e30       0xb2 cmake/stm32cubemx/CMakeFiles/STM32_Drivers.dir/__/__/Drivers/STM32F4xx_HAL_Driver/Src/stm32f4xx_hal_uart.c.obj
 .text.UART_EndRxTransfer
                0x0000000008000ee2       0xc6 cmake/stm32cubemx/CMakeFiles/STM32_Drivers.dir/__/__/Drivers/STM32F4xx_HAL_Driver/Src/stm32f4xx_hal_uart.c.obj
 .text.UART_DMAAbortOnError
                0x0000000008000fa8       0x22 cmake/stm32cubemx/CMakeFiles/STM32_Drivers.dir/__/__/Drivers/STM32F4xx_HAL_Driver/Src/stm32f4xx_hal_uart.c.obj
 .text.UART_Transmit_IT
                0x0000000008000fca       0xa0 cmake/stm32cubemx/CMakeFiles/STM32_Drivers.dir/__/__/Drivers/STM32F4xx_HAL_Driver/Src/stm32f4xx_hal_uart.c.obj
 .text.UART_EndTransmit_IT
                0x000000000800106a       0x30 cmake/stm32cubemx/CMakeFiles/STM32_Drivers.dir/__/__/Drivers/STM32F4xx_HAL_Driver/Src/stm32f4xx_hal_uart.c.obj
 .text.UART_Receive_IT
                0x000000000800109a      0x17c cmake/stm32cubemx/CMakeFiles/STM32_Drivers.dir/__/__/Drivers/STM32F4xx_HAL_Driver/Src/stm32f4xx_hal_uart.c.obj
 *fill*         0x0000000008001216        0x2 
 .text.UART_SetConfig
                0x0000000008001218      0x4e8 cmake/stm32cubemx/CMakeFiles/STM32_Drivers.dir/__/__/Drivers/STM32F4xx_HAL_Driver/Src/stm32f4xx_hal_uart.c.obj
 .text.HAL_RCC_OscConfig
                0x0000000008001700      0x4f0 cmake/stm32cubemx/CMakeFiles/STM32_Drivers.dir/__/__/Drivers/STM32F4xx_HAL_Driver/Src/stm32f4xx_hal_rcc.c.obj
                0x0000000008001700                HAL_RCC_OscConfig
 .text.HAL_RCC_ClockConfig
                0x0000000008001bf0      0x1cc cmake/stm32cubemx/CMakeFiles/STM32_Drivers.dir/__/__/Drivers/STM32F4xx_HAL_Driver/Src/stm32f4xx_hal_rcc.c.obj
                0x0000000008001bf0                HAL_RCC_ClockConfig
 .text.HAL_RCC_GetSysClockFreq
                0x0000000008001dbc      0x18c cmake/stm32cubemx/CMakeFiles/STM32_Drivers.dir/__/__/Drivers/STM32F4xx_HAL_Driver/Src/stm32f4xx_hal_rcc.c.obj
                0x0000000008001dbc                HAL_RCC_GetSysClockFreq
 .text.HAL_RCC_GetHCLKFreq
                0x0000000008001f48       0x18 cmake/stm32cubemx/CMakeFiles/STM32_Drivers.dir/__/__/Drivers/STM32F4xx_HAL_Driver/Src/stm32f4xx_hal_rcc.c.obj
                0x0000000008001f48                HAL_RCC_GetHCLKFreq
 .text.HAL_RCC_GetPCLK1Freq
                0x0000000008001f60       0x28 cmake/stm32cubemx/CMakeFiles/STM32_Drivers.dir/__/__/Drivers/STM32F4xx_HAL_Driver/Src/stm32f4xx_hal_rcc.c.obj
                0x0000000008001f60                HAL_RCC_GetPCLK1Freq
 .text.HAL_RCC_GetPCLK2Freq
                0x0000000008001f88       0x28 cmake/stm32cubemx/CMakeFiles/STM32_Drivers.dir/__/__/Drivers/STM32F4xx_HAL_Driver/Src/stm32f4xx_hal_rcc.c.obj
                0x0000000008001f88                HAL_RCC_GetPCLK2Freq
 .text.HAL_GPIO_Init
                0x0000000008001fb0      0x338 cmake/stm32cubemx/CMakeFiles/STM32_Drivers.dir/__/__/Drivers/STM32F4xx_HAL_Driver/Src/stm32f4xx_hal_gpio.c.obj
                0x0000000008001fb0                HAL_GPIO_Init
 .text.HAL_DMA_Abort
                0x00000000080022e8       0xe0 cmake/stm32cubemx/CMakeFiles/STM32_Drivers.dir/__/__/Drivers/STM32F4xx_HAL_Driver/Src/stm32f4xx_hal_dma.c.obj
                0x00000000080022e8                HAL_DMA_Abort
 .text.HAL_DMA_Abort_IT
                0x00000000080023c8       0x44 cmake/stm32cubemx/CMakeFiles/STM32_Drivers.dir/__/__/Drivers/STM32F4xx_HAL_Driver/Src/stm32f4xx_hal_dma.c.obj
                0x00000000080023c8                HAL_DMA_Abort_IT
 .text.__NVIC_SetPriorityGrouping
                0x000000000800240c       0x48 cmake/stm32cubemx/CMakeFiles/STM32_Drivers.dir/__/__/Drivers/STM32F4xx_HAL_Driver/Src/stm32f4xx_hal_cortex.c.obj
 .text.__NVIC_GetPriorityGrouping
                0x0000000008002454       0x1c cmake/stm32cubemx/CMakeFiles/STM32_Drivers.dir/__/__/Drivers/STM32F4xx_HAL_Driver/Src/stm32f4xx_hal_cortex.c.obj
 .text.__NVIC_EnableIRQ
                0x0000000008002470       0x3c cmake/stm32cubemx/CMakeFiles/STM32_Drivers.dir/__/__/Drivers/STM32F4xx_HAL_Driver/Src/stm32f4xx_hal_cortex.c.obj
 .text.__NVIC_SetPriority
                0x00000000080024ac       0x54 cmake/stm32cubemx/CMakeFiles/STM32_Drivers.dir/__/__/Drivers/STM32F4xx_HAL_Driver/Src/stm32f4xx_hal_cortex.c.obj
 .text.NVIC_EncodePriority
                0x0000000008002500       0x66 cmake/stm32cubemx/CMakeFiles/STM32_Drivers.dir/__/__/Drivers/STM32F4xx_HAL_Driver/Src/stm32f4xx_hal_cortex.c.obj
 *fill*         0x0000000008002566        0x2 
 .text.SysTick_Config
                0x0000000008002568       0x44 cmake/stm32cubemx/CMakeFiles/STM32_Drivers.dir/__/__/Drivers/STM32F4xx_HAL_Driver/Src/stm32f4xx_hal_cortex.c.obj
 .text.HAL_NVIC_SetPriorityGrouping
                0x00000000080025ac       0x16 cmake/stm32cubemx/CMakeFiles/STM32_Drivers.dir/__/__/Drivers/STM32F4xx_HAL_Driver/Src/stm32f4xx_hal_cortex.c.obj
                0x00000000080025ac                HAL_NVIC_SetPriorityGrouping
 .text.HAL_NVIC_SetPriority
                0x00000000080025c2       0x38 cmake/stm32cubemx/CMakeFiles/STM32_Drivers.dir/__/__/Drivers/STM32F4xx_HAL_Driver/Src/stm32f4xx_hal_cortex.c.obj
                0x00000000080025c2                HAL_NVIC_SetPriority
 .text.HAL_NVIC_EnableIRQ
                0x00000000080025fa       0x1c cmake/stm32cubemx/CMakeFiles/STM32_Drivers.dir/__/__/Drivers/STM32F4xx_HAL_Driver/Src/stm32f4xx_hal_cortex.c.obj
                0x00000000080025fa                HAL_NVIC_EnableIRQ
 .text.HAL_SYSTICK_Config
                0x0000000008002616       0x18 cmake/stm32cubemx/CMakeFiles/STM32_Drivers.dir/__/__/Drivers/STM32F4xx_HAL_Driver/Src/stm32f4xx_hal_cortex.c.obj
                0x0000000008002616                HAL_SYSTICK_Config
 *fill*         0x000000000800262e        0x2 
 .text.HAL_Init
                0x0000000008002630       0x44 cmake/stm32cubemx/CMakeFiles/STM32_Drivers.dir/__/__/Drivers/STM32F4xx_HAL_Driver/Src/stm32f4xx_hal.c.obj
                0x0000000008002630                HAL_Init
 .text.HAL_InitTick
                0x0000000008002674       0x60 cmake/stm32cubemx/CMakeFiles/STM32_Drivers.dir/__/__/Drivers/STM32F4xx_HAL_Driver/Src/stm32f4xx_hal.c.obj
                0x0000000008002674                HAL_InitTick
 .text.HAL_IncTick
                0x00000000080026d4       0x28 cmake/stm32cubemx/CMakeFiles/STM32_Drivers.dir/__/__/Drivers/STM32F4xx_HAL_Driver/Src/stm32f4xx_hal.c.obj
                0x00000000080026d4                HAL_IncTick
 .text.HAL_GetTick
                0x00000000080026fc       0x18 cmake/stm32cubemx/CMakeFiles/STM32_Drivers.dir/__/__/Drivers/STM32F4xx_HAL_Driver/Src/stm32f4xx_hal.c.obj
                0x00000000080026fc                HAL_GetTick
 .text.main     0x0000000008002714       0xa8 CMakeFiles/zlink_test.dir/Core/Src/main.c.obj
                0x0000000008002714                main
 .text.SystemClock_Config
                0x00000000080027bc       0xbc CMakeFiles/zlink_test.dir/Core/Src/main.c.obj
                0x00000000080027bc                SystemClock_Config
 .text._write   0x0000000008002878       0x38 CMakeFiles/zlink_test.dir/Core/Src/main.c.obj
                0x0000000008002878                _write
 .text.Error_Handler
                0x00000000080028b0        0xa CMakeFiles/zlink_test.dir/Core/Src/main.c.obj
                0x00000000080028b0                Error_Handler
 *fill*         0x00000000080028ba        0x2 
 .text.MX_GPIO_Init
                0x00000000080028bc       0x34 CMakeFiles/zlink_test.dir/Core/Src/gpio.c.obj
                0x00000000080028bc                MX_GPIO_Init
 .text.MX_UART4_Init
                0x00000000080028f0       0x54 CMakeFiles/zlink_test.dir/Core/Src/usart.c.obj
                0x00000000080028f0                MX_UART4_Init
 .text.MX_USART1_UART_Init
                0x0000000008002944       0x54 CMakeFiles/zlink_test.dir/Core/Src/usart.c.obj
                0x0000000008002944                MX_USART1_UART_Init
 .text.HAL_UART_MspInit
                0x0000000008002998      0x108 CMakeFiles/zlink_test.dir/Core/Src/usart.c.obj
                0x0000000008002998                HAL_UART_MspInit
 .text.NMI_Handler
                0x0000000008002aa0        0x6 CMakeFiles/zlink_test.dir/Core/Src/stm32f4xx_it.c.obj
                0x0000000008002aa0                NMI_Handler
 .text.HardFault_Handler
                0x0000000008002aa6        0x6 CMakeFiles/zlink_test.dir/Core/Src/stm32f4xx_it.c.obj
                0x0000000008002aa6                HardFault_Handler
 .text.MemManage_Handler
                0x0000000008002aac        0x6 CMakeFiles/zlink_test.dir/Core/Src/stm32f4xx_it.c.obj
                0x0000000008002aac                MemManage_Handler
 .text.BusFault_Handler
                0x0000000008002ab2        0x6 CMakeFiles/zlink_test.dir/Core/Src/stm32f4xx_it.c.obj
                0x0000000008002ab2                BusFault_Handler
 .text.UsageFault_Handler
                0x0000000008002ab8        0x6 CMakeFiles/zlink_test.dir/Core/Src/stm32f4xx_it.c.obj
                0x0000000008002ab8                UsageFault_Handler
 .text.SVC_Handler
                0x0000000008002abe        0xe CMakeFiles/zlink_test.dir/Core/Src/stm32f4xx_it.c.obj
                0x0000000008002abe                SVC_Handler
 .text.DebugMon_Handler
                0x0000000008002acc        0xe CMakeFiles/zlink_test.dir/Core/Src/stm32f4xx_it.c.obj
                0x0000000008002acc                DebugMon_Handler
 .text.PendSV_Handler
                0x0000000008002ada        0xe CMakeFiles/zlink_test.dir/Core/Src/stm32f4xx_it.c.obj
                0x0000000008002ada                PendSV_Handler
 .text.SysTick_Handler
                0x0000000008002ae8        0xc CMakeFiles/zlink_test.dir/Core/Src/stm32f4xx_it.c.obj
                0x0000000008002ae8                SysTick_Handler
 .text.UART4_IRQHandler
                0x0000000008002af4       0x14 CMakeFiles/zlink_test.dir/Core/Src/stm32f4xx_it.c.obj
                0x0000000008002af4                UART4_IRQHandler
 .text.HAL_MspInit
                0x0000000008002b08       0x50 CMakeFiles/zlink_test.dir/Core/Src/stm32f4xx_hal_msp.c.obj
                0x0000000008002b08                HAL_MspInit
 .text._sbrk    0x0000000008002b58       0x6c CMakeFiles/zlink_test.dir/Core/Src/sysmem.c.obj
                0x0000000008002b58                _sbrk
 .text._read    0x0000000008002bc4       0x3a CMakeFiles/zlink_test.dir/Core/Src/syscalls.c.obj
                0x0000000008002bc4                _read
 .text._close   0x0000000008002bfe       0x18 CMakeFiles/zlink_test.dir/Core/Src/syscalls.c.obj
                0x0000000008002bfe                _close
 .text._fstat   0x0000000008002c16       0x20 CMakeFiles/zlink_test.dir/Core/Src/syscalls.c.obj
                0x0000000008002c16                _fstat
 .text._isatty  0x0000000008002c36       0x16 CMakeFiles/zlink_test.dir/Core/Src/syscalls.c.obj
                0x0000000008002c36                _isatty
 .text._lseek   0x0000000008002c4c       0x1a CMakeFiles/zlink_test.dir/Core/Src/syscalls.c.obj
                0x0000000008002c4c                _lseek
 *fill*         0x0000000008002c66        0x2 
 .text.Reset_Handler
                0x0000000008002c68       0x50 CMakeFiles/zlink_test.dir/startup_stm32f407xx.s.obj
                0x0000000008002c68                Reset_Handler
 .text.Default_Handler
                0x0000000008002cb8        0x2 CMakeFiles/zlink_test.dir/startup_stm32f407xx.s.obj
                0x0000000008002cb8                RTC_Alarm_IRQHandler
                0x0000000008002cb8                HASH_RNG_IRQHandler
                0x0000000008002cb8                EXTI2_IRQHandler
                0x0000000008002cb8                TIM8_CC_IRQHandler
                0x0000000008002cb8                TIM1_CC_IRQHandler
                0x0000000008002cb8                DMA2_Stream5_IRQHandler
                0x0000000008002cb8                DMA1_Stream5_IRQHandler
                0x0000000008002cb8                PVD_IRQHandler
                0x0000000008002cb8                SDIO_IRQHandler
                0x0000000008002cb8                TAMP_STAMP_IRQHandler
                0x0000000008002cb8                CAN2_RX1_IRQHandler
                0x0000000008002cb8                EXTI3_IRQHandler
                0x0000000008002cb8                TIM8_TRG_COM_TIM14_IRQHandler
                0x0000000008002cb8                TIM1_UP_TIM10_IRQHandler
                0x0000000008002cb8                TIM8_UP_TIM13_IRQHandler
                0x0000000008002cb8                I2C3_ER_IRQHandler
                0x0000000008002cb8                EXTI0_IRQHandler
                0x0000000008002cb8                I2C2_EV_IRQHandler
                0x0000000008002cb8                DMA1_Stream2_IRQHandler
                0x0000000008002cb8                CAN1_RX0_IRQHandler
                0x0000000008002cb8                FPU_IRQHandler
                0x0000000008002cb8                OTG_HS_WKUP_IRQHandler
                0x0000000008002cb8                CAN2_SCE_IRQHandler
                0x0000000008002cb8                DMA2_Stream2_IRQHandler
                0x0000000008002cb8                SPI1_IRQHandler
                0x0000000008002cb8                TIM6_DAC_IRQHandler
                0x0000000008002cb8                TIM1_BRK_TIM9_IRQHandler
                0x0000000008002cb8                DCMI_IRQHandler
                0x0000000008002cb8                CAN2_RX0_IRQHandler
                0x0000000008002cb8                DMA2_Stream3_IRQHandler
                0x0000000008002cb8                USART6_IRQHandler
                0x0000000008002cb8                USART3_IRQHandler
                0x0000000008002cb8                CAN1_RX1_IRQHandler
                0x0000000008002cb8                UART5_IRQHandler
                0x0000000008002cb8                DMA2_Stream0_IRQHandler
                0x0000000008002cb8                TIM4_IRQHandler
                0x0000000008002cb8                I2C1_EV_IRQHandler
                0x0000000008002cb8                DMA1_Stream6_IRQHandler
                0x0000000008002cb8                DMA1_Stream1_IRQHandler
                0x0000000008002cb8                TIM3_IRQHandler
                0x0000000008002cb8                RCC_IRQHandler
                0x0000000008002cb8                TIM8_BRK_TIM12_IRQHandler
                0x0000000008002cb8                Default_Handler
                0x0000000008002cb8                EXTI15_10_IRQHandler
                0x0000000008002cb8                ADC_IRQHandler
                0x0000000008002cb8                DMA1_Stream7_IRQHandler
                0x0000000008002cb8                TIM7_IRQHandler
                0x0000000008002cb8                CAN2_TX_IRQHandler
                0x0000000008002cb8                TIM5_IRQHandler
                0x0000000008002cb8                DMA2_Stream7_IRQHandler
                0x0000000008002cb8                I2C3_EV_IRQHandler
                0x0000000008002cb8                EXTI9_5_IRQHandler
                0x0000000008002cb8                RTC_WKUP_IRQHandler
                0x0000000008002cb8                ETH_WKUP_IRQHandler
                0x0000000008002cb8                SPI2_IRQHandler
                0x0000000008002cb8                OTG_HS_EP1_IN_IRQHandler
                0x0000000008002cb8                DMA1_Stream0_IRQHandler
                0x0000000008002cb8                CAN1_TX_IRQHandler
                0x0000000008002cb8                EXTI4_IRQHandler
                0x0000000008002cb8                FSMC_IRQHandler
                0x0000000008002cb8                ETH_IRQHandler
                0x0000000008002cb8                OTG_HS_EP1_OUT_IRQHandler
                0x0000000008002cb8                WWDG_IRQHandler
                0x0000000008002cb8                TIM2_IRQHandler
                0x0000000008002cb8                OTG_FS_WKUP_IRQHandler
                0x0000000008002cb8                TIM1_TRG_COM_TIM11_IRQHandler
                0x0000000008002cb8                OTG_HS_IRQHandler
                0x0000000008002cb8                EXTI1_IRQHandler
                0x0000000008002cb8                USART2_IRQHandler
                0x0000000008002cb8                I2C2_ER_IRQHandler
                0x0000000008002cb8                DMA2_Stream1_IRQHandler
                0x0000000008002cb8                CAN1_SCE_IRQHandler
                0x0000000008002cb8                FLASH_IRQHandler
                0x0000000008002cb8                DMA2_Stream4_IRQHandler
                0x0000000008002cb8                USART1_IRQHandler
                0x0000000008002cb8                OTG_FS_IRQHandler
                0x0000000008002cb8                SPI3_IRQHandler
                0x0000000008002cb8                DMA1_Stream4_IRQHandler
                0x0000000008002cb8                I2C1_ER_IRQHandler
                0x0000000008002cb8                DMA2_Stream6_IRQHandler
                0x0000000008002cb8                DMA1_Stream3_IRQHandler
 *fill*         0x0000000008002cba        0x2 
 .text.__errno  0x0000000008002cbc        0xc /usr/local/gcc-arm-none-eabi-10.3-2021.10/bin/../lib/gcc/arm-none-eabi/10.3.1/../../../../arm-none-eabi/lib/thumb/v7e-m+fp/hard/libg_nano.a(lib_a-errno.o)
                0x0000000008002cbc                __errno
 .text.__libc_init_array
                0x0000000008002cc8       0x48 /usr/local/gcc-arm-none-eabi-10.3-2021.10/bin/../lib/gcc/arm-none-eabi/10.3.1/../../../../arm-none-eabi/lib/thumb/v7e-m+fp/hard/libg_nano.a(lib_a-init.o)
                0x0000000008002cc8                __libc_init_array
 .text.memset   0x0000000008002d10       0x10 /usr/local/gcc-arm-none-eabi-10.3-2021.10/bin/../lib/gcc/arm-none-eabi/10.3.1/../../../../arm-none-eabi/lib/thumb/v7e-m+fp/hard/libg_nano.a(lib_a-memset.o)
                0x0000000008002d10                memset
 .text.printf   0x0000000008002d20       0x30 /usr/local/gcc-arm-none-eabi-10.3-2021.10/bin/../lib/gcc/arm-none-eabi/10.3.1/../../../../arm-none-eabi/lib/thumb/v7e-m+fp/hard/libg_nano.a(lib_a-printf.o)
                0x0000000008002d20                printf
                0x0000000008002d20                iprintf
 .text.std      0x0000000008002d50       0x48 /usr/local/gcc-arm-none-eabi-10.3-2021.10/bin/../lib/gcc/arm-none-eabi/10.3.1/../../../../arm-none-eabi/lib/thumb/v7e-m+fp/hard/libg_nano.a(lib_a-findfp.o)
 .text._cleanup_r
                0x0000000008002d98        0xc /usr/local/gcc-arm-none-eabi-10.3-2021.10/bin/../lib/gcc/arm-none-eabi/10.3.1/../../../../arm-none-eabi/lib/thumb/v7e-m+fp/hard/libg_nano.a(lib_a-findfp.o)
                0x0000000008002d98                _cleanup_r
 .text.__sfmoreglue
                0x0000000008002da4       0x2c /usr/local/gcc-arm-none-eabi-10.3-2021.10/bin/../lib/gcc/arm-none-eabi/10.3.1/../../../../arm-none-eabi/lib/thumb/v7e-m+fp/hard/libg_nano.a(lib_a-findfp.o)
                0x0000000008002da4                __sfmoreglue
 .text.__sfp_lock_acquire
                0x0000000008002dd0        0xc /usr/local/gcc-arm-none-eabi-10.3-2021.10/bin/../lib/gcc/arm-none-eabi/10.3.1/../../../../arm-none-eabi/lib/thumb/v7e-m+fp/hard/libg_nano.a(lib_a-findfp.o)
                0x0000000008002dd0                __sfp_lock_acquire
 .text.__sfp_lock_release
                0x0000000008002ddc        0xc /usr/local/gcc-arm-none-eabi-10.3-2021.10/bin/../lib/gcc/arm-none-eabi/10.3.1/../../../../arm-none-eabi/lib/thumb/v7e-m+fp/hard/libg_nano.a(lib_a-findfp.o)
                0x0000000008002ddc                __sfp_lock_release
 .text.__sinit_lock_acquire
                0x0000000008002de8        0xc /usr/local/gcc-arm-none-eabi-10.3-2021.10/bin/../lib/gcc/arm-none-eabi/10.3.1/../../../../arm-none-eabi/lib/thumb/v7e-m+fp/hard/libg_nano.a(lib_a-findfp.o)
                0x0000000008002de8                __sinit_lock_acquire
 .text.__sinit_lock_release
                0x0000000008002df4        0xc /usr/local/gcc-arm-none-eabi-10.3-2021.10/bin/../lib/gcc/arm-none-eabi/10.3.1/../../../../arm-none-eabi/lib/thumb/v7e-m+fp/hard/libg_nano.a(lib_a-findfp.o)
                0x0000000008002df4                __sinit_lock_release
 .text.__sinit  0x0000000008002e00       0x70 /usr/local/gcc-arm-none-eabi-10.3-2021.10/bin/../lib/gcc/arm-none-eabi/10.3.1/../../../../arm-none-eabi/lib/thumb/v7e-m+fp/hard/libg_nano.a(lib_a-findfp.o)
                0x0000000008002e00                __sinit
 .text.__sfp    0x0000000008002e70       0x8c /usr/local/gcc-arm-none-eabi-10.3-2021.10/bin/../lib/gcc/arm-none-eabi/10.3.1/../../../../arm-none-eabi/lib/thumb/v7e-m+fp/hard/libg_nano.a(lib_a-findfp.o)
                0x0000000008002e70                __sfp
 .text._fwalk_reent
                0x0000000008002efc       0x3e /usr/local/gcc-arm-none-eabi-10.3-2021.10/bin/../lib/gcc/arm-none-eabi/10.3.1/../../../../arm-none-eabi/lib/thumb/v7e-m+fp/hard/libg_nano.a(lib_a-fwalk.o)
                0x0000000008002efc                _fwalk_reent
 .text.__retarget_lock_init_recursive
                0x0000000008002f3a        0x2 /usr/local/gcc-arm-none-eabi-10.3-2021.10/bin/../lib/gcc/arm-none-eabi/10.3.1/../../../../arm-none-eabi/lib/thumb/v7e-m+fp/hard/libg_nano.a(lib_a-lock.o)
                0x0000000008002f3a                __retarget_lock_init_recursive
 .text.__retarget_lock_acquire_recursive
                0x0000000008002f3c        0x2 /usr/local/gcc-arm-none-eabi-10.3-2021.10/bin/../lib/gcc/arm-none-eabi/10.3.1/../../../../arm-none-eabi/lib/thumb/v7e-m+fp/hard/libg_nano.a(lib_a-lock.o)
                0x0000000008002f3c                __retarget_lock_acquire_recursive
 .text.__retarget_lock_release_recursive
                0x0000000008002f3e        0x2 /usr/local/gcc-arm-none-eabi-10.3-2021.10/bin/../lib/gcc/arm-none-eabi/10.3.1/../../../../arm-none-eabi/lib/thumb/v7e-m+fp/hard/libg_nano.a(lib_a-lock.o)
                0x0000000008002f3e                __retarget_lock_release_recursive
 .text.sbrk_aligned
                0x0000000008002f40       0x40 /usr/local/gcc-arm-none-eabi-10.3-2021.10/bin/../lib/gcc/arm-none-eabi/10.3.1/../../../../arm-none-eabi/lib/thumb/v7e-m+fp/hard/libg_nano.a(lib_a-nano-mallocr.o)
 .text._malloc_r
                0x0000000008002f80       0xe8 /usr/local/gcc-arm-none-eabi-10.3-2021.10/bin/../lib/gcc/arm-none-eabi/10.3.1/../../../../arm-none-eabi/lib/thumb/v7e-m+fp/hard/libg_nano.a(lib_a-nano-mallocr.o)
                0x0000000008002f80                _malloc_r
 .text.__sfputc_r
                0x0000000008003068       0x2e /usr/local/gcc-arm-none-eabi-10.3-2021.10/bin/../lib/gcc/arm-none-eabi/10.3.1/../../../../arm-none-eabi/lib/thumb/v7e-m+fp/hard/libg_nano.a(lib_a-nano-vfprintf.o)
 .text.__sfputs_r
                0x0000000008003096       0x24 /usr/local/gcc-arm-none-eabi-10.3-2021.10/bin/../lib/gcc/arm-none-eabi/10.3.1/../../../../arm-none-eabi/lib/thumb/v7e-m+fp/hard/libg_nano.a(lib_a-nano-vfprintf.o)
                0x0000000008003096                __sfputs_r
 *fill*         0x00000000080030ba        0x2 
 .text._vfprintf_r
                0x00000000080030bc      0x260 /usr/local/gcc-arm-none-eabi-10.3-2021.10/bin/../lib/gcc/arm-none-eabi/10.3.1/../../../../arm-none-eabi/lib/thumb/v7e-m+fp/hard/libg_nano.a(lib_a-nano-vfprintf.o)
                0x00000000080030bc                _vfiprintf_r
                0x00000000080030bc                _vfprintf_r
 .text._printf_common
                0x000000000800331c       0xda /usr/local/gcc-arm-none-eabi-10.3-2021.10/bin/../lib/gcc/arm-none-eabi/10.3.1/../../../../arm-none-eabi/lib/thumb/v7e-m+fp/hard/libg_nano.a(lib_a-nano-vfprintf_i.o)
                0x000000000800331c                _printf_common
 *fill*         0x00000000080033f6        0x2 
 .text._printf_i
                0x00000000080033f8      0x24c /usr/local/gcc-arm-none-eabi-10.3-2021.10/bin/../lib/gcc/arm-none-eabi/10.3.1/../../../../arm-none-eabi/lib/thumb/v7e-m+fp/hard/libg_nano.a(lib_a-nano-vfprintf_i.o)
                0x00000000080033f8                _printf_i
 .text._sbrk_r  0x0000000008003644       0x20 /usr/local/gcc-arm-none-eabi-10.3-2021.10/bin/../lib/gcc/arm-none-eabi/10.3.1/../../../../arm-none-eabi/lib/thumb/v7e-m+fp/hard/libg_nano.a(lib_a-sbrkr.o)
                0x0000000008003644                _sbrk_r
 .text.__sread  0x0000000008003664       0x22 /usr/local/gcc-arm-none-eabi-10.3-2021.10/bin/../lib/gcc/arm-none-eabi/10.3.1/../../../../arm-none-eabi/lib/thumb/v7e-m+fp/hard/libg_nano.a(lib_a-stdio.o)
                0x0000000008003664                __sread
 .text.__swrite
                0x0000000008003686       0x38 /usr/local/gcc-arm-none-eabi-10.3-2021.10/bin/../lib/gcc/arm-none-eabi/10.3.1/../../../../arm-none-eabi/lib/thumb/v7e-m+fp/hard/libg_nano.a(lib_a-stdio.o)
                0x0000000008003686                __swrite
 .text.__sseek  0x00000000080036be       0x24 /usr/local/gcc-arm-none-eabi-10.3-2021.10/bin/../lib/gcc/arm-none-eabi/10.3.1/../../../../arm-none-eabi/lib/thumb/v7e-m+fp/hard/libg_nano.a(lib_a-stdio.o)
                0x00000000080036be                __sseek
 .text.__sclose
                0x00000000080036e2        0x8 /usr/local/gcc-arm-none-eabi-10.3-2021.10/bin/../lib/gcc/arm-none-eabi/10.3.1/../../../../arm-none-eabi/lib/thumb/v7e-m+fp/hard/libg_nano.a(lib_a-stdio.o)
                0x00000000080036e2                __sclose
 *fill*         0x00000000080036ea        0x2 
 .text.__swbuf_r
                0x00000000080036ec       0xa4 /usr/local/gcc-arm-none-eabi-10.3-2021.10/bin/../lib/gcc/arm-none-eabi/10.3.1/../../../../arm-none-eabi/lib/thumb/v7e-m+fp/hard/libg_nano.a(lib_a-wbuf.o)
                0x00000000080036ec                __swbuf_r
 .text._write_r
                0x0000000008003790       0x24 /usr/local/gcc-arm-none-eabi-10.3-2021.10/bin/../lib/gcc/arm-none-eabi/10.3.1/../../../../arm-none-eabi/lib/thumb/v7e-m+fp/hard/libg_nano.a(lib_a-writer.o)
                0x0000000008003790                _write_r
 .text.__swsetup_r
                0x00000000080037b4       0xdc /usr/local/gcc-arm-none-eabi-10.3-2021.10/bin/../lib/gcc/arm-none-eabi/10.3.1/../../../../arm-none-eabi/lib/thumb/v7e-m+fp/hard/libg_nano.a(lib_a-wsetup.o)
                0x00000000080037b4                __swsetup_r
 .text._close_r
                0x0000000008003890       0x20 /usr/local/gcc-arm-none-eabi-10.3-2021.10/bin/../lib/gcc/arm-none-eabi/10.3.1/../../../../arm-none-eabi/lib/thumb/v7e-m+fp/hard/libg_nano.a(lib_a-closer.o)
                0x0000000008003890                _close_r
 .text.__sflush_r
                0x00000000080038b0      0x10c /usr/local/gcc-arm-none-eabi-10.3-2021.10/bin/../lib/gcc/arm-none-eabi/10.3.1/../../../../arm-none-eabi/lib/thumb/v7e-m+fp/hard/libg_nano.a(lib_a-fflush.o)
                0x00000000080038b0                __sflush_r
 .text._fflush_r
                0x00000000080039bc       0x78 /usr/local/gcc-arm-none-eabi-10.3-2021.10/bin/../lib/gcc/arm-none-eabi/10.3.1/../../../../arm-none-eabi/lib/thumb/v7e-m+fp/hard/libg_nano.a(lib_a-fflush.o)
                0x00000000080039bc                _fflush_r
 .text._lseek_r
                0x0000000008003a34       0x24 /usr/local/gcc-arm-none-eabi-10.3-2021.10/bin/../lib/gcc/arm-none-eabi/10.3.1/../../../../arm-none-eabi/lib/thumb/v7e-m+fp/hard/libg_nano.a(lib_a-lseekr.o)
                0x0000000008003a34                _lseek_r
 .text.__swhatbuf_r
                0x0000000008003a58       0x4a /usr/local/gcc-arm-none-eabi-10.3-2021.10/bin/../lib/gcc/arm-none-eabi/10.3.1/../../../../arm-none-eabi/lib/thumb/v7e-m+fp/hard/libg_nano.a(lib_a-makebuf.o)
                0x0000000008003a58                __swhatbuf_r
 *fill*         0x0000000008003aa2        0x2 
 .text.__smakebuf_r
                0x0000000008003aa4       0x80 /usr/local/gcc-arm-none-eabi-10.3-2021.10/bin/../lib/gcc/arm-none-eabi/10.3.1/../../../../arm-none-eabi/lib/thumb/v7e-m+fp/hard/libg_nano.a(lib_a-makebuf.o)
                0x0000000008003aa4                __smakebuf_r
 .text.__malloc_lock
                0x0000000008003b24        0xc /usr/local/gcc-arm-none-eabi-10.3-2021.10/bin/../lib/gcc/arm-none-eabi/10.3.1/../../../../arm-none-eabi/lib/thumb/v7e-m+fp/hard/libg_nano.a(lib_a-mlock.o)
                0x0000000008003b24                __malloc_lock
 .text.__malloc_unlock
                0x0000000008003b30        0xc /usr/local/gcc-arm-none-eabi-10.3-2021.10/bin/../lib/gcc/arm-none-eabi/10.3.1/../../../../arm-none-eabi/lib/thumb/v7e-m+fp/hard/libg_nano.a(lib_a-mlock.o)
                0x0000000008003b30                __malloc_unlock
 .text._free_r  0x0000000008003b3c       0x98 /usr/local/gcc-arm-none-eabi-10.3-2021.10/bin/../lib/gcc/arm-none-eabi/10.3.1/../../../../arm-none-eabi/lib/thumb/v7e-m+fp/hard/libg_nano.a(lib_a-nano-freer.o)
                0x0000000008003b3c                _free_r
 .text._read_r  0x0000000008003bd4       0x24 /usr/local/gcc-arm-none-eabi-10.3-2021.10/bin/../lib/gcc/arm-none-eabi/10.3.1/../../../../arm-none-eabi/lib/thumb/v7e-m+fp/hard/libg_nano.a(lib_a-readr.o)
                0x0000000008003bd4                _read_r
 .text._fstat_r
                0x0000000008003bf8       0x24 /usr/local/gcc-arm-none-eabi-10.3-2021.10/bin/../lib/gcc/arm-none-eabi/10.3.1/../../../../arm-none-eabi/lib/thumb/v7e-m+fp/hard/libg_nano.a(lib_a-fstatr.o)
                0x0000000008003bf8                _fstat_r
 .text._isatty_r
                0x0000000008003c1c       0x20 /usr/local/gcc-arm-none-eabi-10.3-2021.10/bin/../lib/gcc/arm-none-eabi/10.3.1/../../../../arm-none-eabi/lib/thumb/v7e-m+fp/hard/libg_nano.a(lib_a-isattyr.o)
                0x0000000008003c1c                _isatty_r
 *(.glue_7)
 .glue_7        0x0000000008003c3c        0x0 linker stubs
 *(.glue_7t)
 .glue_7t       0x0000000008003c3c        0x0 linker stubs
 *(.eh_frame)
 .eh_frame      0x0000000008003c3c        0x0 /usr/local/gcc-arm-none-eabi-10.3-2021.10/bin/../lib/gcc/arm-none-eabi/10.3.1/thumb/v7e-m+fp/hard/crtbegin.o
 *(.init)
 .init          0x0000000008003c3c        0x4 /usr/local/gcc-arm-none-eabi-10.3-2021.10/bin/../lib/gcc/arm-none-eabi/10.3.1/thumb/v7e-m+fp/hard/crti.o
                0x0000000008003c3c                _init
 .init          0x0000000008003c40        0x8 /usr/local/gcc-arm-none-eabi-10.3-2021.10/bin/../lib/gcc/arm-none-eabi/10.3.1/thumb/v7e-m+fp/hard/crtn.o
 *(.fini)
 .fini          0x0000000008003c48        0x4 /usr/local/gcc-arm-none-eabi-10.3-2021.10/bin/../lib/gcc/arm-none-eabi/10.3.1/thumb/v7e-m+fp/hard/crti.o
                0x0000000008003c48                _fini
 .fini          0x0000000008003c4c        0x8 /usr/local/gcc-arm-none-eabi-10.3-2021.10/bin/../lib/gcc/arm-none-eabi/10.3.1/thumb/v7e-m+fp/hard/crtn.o
                0x0000000008003c54                . = ALIGN (0x4)
                0x0000000008003c54                _etext = .

.vfp11_veneer   0x0000000008003c54        0x0
 .vfp11_veneer  0x0000000008003c54        0x0 linker stubs

.v4_bx          0x0000000008003c54        0x0
 .v4_bx         0x0000000008003c54        0x0 linker stubs

.iplt           0x0000000008003c54        0x0
 .iplt          0x0000000008003c54        0x0 /usr/local/gcc-arm-none-eabi-10.3-2021.10/bin/../lib/gcc/arm-none-eabi/10.3.1/thumb/v7e-m+fp/hard/crtbegin.o

.rodata         0x0000000008003c54       0xb8
                0x0000000008003c54                . = ALIGN (0x4)
 *(.rodata)
 .rodata        0x0000000008003c54        0x5 CMakeFiles/zlink_test.dir/Core/Src/main.c.obj
 *(.rodata*)
 *fill*         0x0000000008003c59        0x3 
 .rodata.AHBPrescTable
                0x0000000008003c5c       0x10 cmake/stm32cubemx/CMakeFiles/STM32_Drivers.dir/__/__/Core/Src/system_stm32f4xx.c.obj
                0x0000000008003c5c                AHBPrescTable
 .rodata.APBPrescTable
                0x0000000008003c6c        0x8 cmake/stm32cubemx/CMakeFiles/STM32_Drivers.dir/__/__/Core/Src/system_stm32f4xx.c.obj
                0x0000000008003c6c                APBPrescTable
 .rodata._global_impure_ptr
                0x0000000008003c74        0x4 /usr/local/gcc-arm-none-eabi-10.3-2021.10/bin/../lib/gcc/arm-none-eabi/10.3.1/../../../../arm-none-eabi/lib/thumb/v7e-m+fp/hard/libg_nano.a(lib_a-impure.o)
                0x0000000008003c74                _global_impure_ptr
 .rodata.__sf_fake_stderr
                0x0000000008003c78       0x20 /usr/local/gcc-arm-none-eabi-10.3-2021.10/bin/../lib/gcc/arm-none-eabi/10.3.1/../../../../arm-none-eabi/lib/thumb/v7e-m+fp/hard/libg_nano.a(lib_a-findfp.o)
                0x0000000008003c78                __sf_fake_stderr
 .rodata.__sf_fake_stdin
                0x0000000008003c98       0x20 /usr/local/gcc-arm-none-eabi-10.3-2021.10/bin/../lib/gcc/arm-none-eabi/10.3.1/../../../../arm-none-eabi/lib/thumb/v7e-m+fp/hard/libg_nano.a(lib_a-findfp.o)
                0x0000000008003c98                __sf_fake_stdin
 .rodata.__sf_fake_stdout
                0x0000000008003cb8       0x20 /usr/local/gcc-arm-none-eabi-10.3-2021.10/bin/../lib/gcc/arm-none-eabi/10.3.1/../../../../arm-none-eabi/lib/thumb/v7e-m+fp/hard/libg_nano.a(lib_a-findfp.o)
                0x0000000008003cb8                __sf_fake_stdout
 .rodata._vfprintf_r.str1.1
                0x0000000008003cd8       0x11 /usr/local/gcc-arm-none-eabi-10.3-2021.10/bin/../lib/gcc/arm-none-eabi/10.3.1/../../../../arm-none-eabi/lib/thumb/v7e-m+fp/hard/libg_nano.a(lib_a-nano-vfprintf.o)
 .rodata._printf_i.str1.1
                0x0000000008003ce9       0x22 /usr/local/gcc-arm-none-eabi-10.3-2021.10/bin/../lib/gcc/arm-none-eabi/10.3.1/../../../../arm-none-eabi/lib/thumb/v7e-m+fp/hard/libg_nano.a(lib_a-nano-vfprintf_i.o)
                0x0000000008003d0c                . = ALIGN (0x4)
 *fill*         0x0000000008003d0b        0x1 

.ARM.extab      0x0000000008003d0c        0x0
                0x0000000008003d0c                . = ALIGN (0x4)
 *(.ARM.extab* .gnu.linkonce.armextab.*)
                0x0000000008003d0c                . = ALIGN (0x4)

.ARM            0x0000000008003d0c        0x8
                0x0000000008003d0c                . = ALIGN (0x4)
                0x0000000008003d0c                __exidx_start = .
 *(.ARM.exidx*)
 .ARM.exidx     0x0000000008003d0c        0x8 /usr/local/gcc-arm-none-eabi-10.3-2021.10/bin/../lib/gcc/arm-none-eabi/10.3.1/thumb/v7e-m+fp/hard/libgcc.a(_udivmoddi4.o)
                0x0000000008003d14                __exidx_end = .
                0x0000000008003d14                . = ALIGN (0x4)

.rel.dyn        0x0000000008003d14        0x0
 .rel.iplt      0x0000000008003d14        0x0 /usr/local/gcc-arm-none-eabi-10.3-2021.10/bin/../lib/gcc/arm-none-eabi/10.3.1/thumb/v7e-m+fp/hard/crtbegin.o

.preinit_array  0x0000000008003d14        0x0
                0x0000000008003d14                . = ALIGN (0x4)
                0x0000000008003d14                PROVIDE (__preinit_array_start = .)
 *(.preinit_array*)
                0x0000000008003d14                PROVIDE (__preinit_array_end = .)
                0x0000000008003d14                . = ALIGN (0x4)

.init_array     0x0000000008003d14        0x4
                0x0000000008003d14                . = ALIGN (0x4)
                0x0000000008003d14                PROVIDE (__init_array_start = .)
 *(SORT_BY_NAME(.init_array.*))
 *(.init_array*)
 .init_array    0x0000000008003d14        0x4 /usr/local/gcc-arm-none-eabi-10.3-2021.10/bin/../lib/gcc/arm-none-eabi/10.3.1/thumb/v7e-m+fp/hard/crtbegin.o
                0x0000000008003d18                PROVIDE (__init_array_end = .)
                0x0000000008003d18                . = ALIGN (0x4)

.fini_array     0x0000000008003d18        0x4
                0x0000000008003d18                . = ALIGN (0x4)
                [!provide]                        PROVIDE (__fini_array_start = .)
 *(SORT_BY_NAME(.fini_array.*))
 *(.fini_array*)
 .fini_array    0x0000000008003d18        0x4 /usr/local/gcc-arm-none-eabi-10.3-2021.10/bin/../lib/gcc/arm-none-eabi/10.3.1/thumb/v7e-m+fp/hard/crtbegin.o
                [!provide]                        PROVIDE (__fini_array_end = .)
                0x0000000008003d1c                . = ALIGN (0x4)
                0x0000000008003d1c                _siccmram = LOADADDR (.ccmram)

.ccmram         0x0000000010000000        0x0 load address 0x0000000008003d1c
                0x0000000010000000                . = ALIGN (0x4)
                0x0000000010000000                _sccmram = .
 *(.ccmram)
 *(.ccmram*)
                0x0000000010000000                . = ALIGN (0x4)
                0x0000000010000000                _eccmram = .
                0x0000000008003d1c                _sidata = LOADADDR (.data)

.data           0x0000000020000000       0x98 load address 0x0000000008003d1c
                0x0000000020000000                . = ALIGN (0x4)
                0x0000000020000000                _sdata = .
 *(.data)
 *(.data*)
 .data.SystemCoreClock
                0x0000000020000000        0x4 cmake/stm32cubemx/CMakeFiles/STM32_Drivers.dir/__/__/Core/Src/system_stm32f4xx.c.obj
                0x0000000020000000                SystemCoreClock
 .data.uwTickPrio
                0x0000000020000004        0x4 cmake/stm32cubemx/CMakeFiles/STM32_Drivers.dir/__/__/Drivers/STM32F4xx_HAL_Driver/Src/stm32f4xx_hal.c.obj
                0x0000000020000004                uwTickPrio
 .data.uwTickFreq
                0x0000000020000008        0x1 cmake/stm32cubemx/CMakeFiles/STM32_Drivers.dir/__/__/Drivers/STM32F4xx_HAL_Driver/Src/stm32f4xx_hal.c.obj
                0x0000000020000008                uwTickFreq
 *fill*         0x0000000020000009        0x3 
 .data.check_position
                0x000000002000000c        0x9 CMakeFiles/zlink_test.dir/Core/Src/main.c.obj
                0x000000002000000c                check_position
 *fill*         0x0000000020000015        0x3 
 .data.release_torque
                0x0000000020000018        0x9 CMakeFiles/zlink_test.dir/Core/Src/main.c.obj
                0x0000000020000018                release_torque
 *fill*         0x0000000020000021        0x3 
 .data.command  0x0000000020000024       0x10 CMakeFiles/zlink_test.dir/Core/Src/main.c.obj
                0x0000000020000024                command
 .data._impure_ptr
                0x0000000020000034        0x4 /usr/local/gcc-arm-none-eabi-10.3-2021.10/bin/../lib/gcc/arm-none-eabi/10.3.1/../../../../arm-none-eabi/lib/thumb/v7e-m+fp/hard/libg_nano.a(lib_a-impure.o)
                0x0000000020000034                _impure_ptr
 .data.impure_data
                0x0000000020000038       0x60 /usr/local/gcc-arm-none-eabi-10.3-2021.10/bin/../lib/gcc/arm-none-eabi/10.3.1/../../../../arm-none-eabi/lib/thumb/v7e-m+fp/hard/libg_nano.a(lib_a-impure.o)
 *(.RamFunc)
 *(.RamFunc*)
                0x0000000020000098                . = ALIGN (0x4)

.igot.plt       0x0000000020000098        0x0 load address 0x0000000008003db4
 .igot.plt      0x0000000020000098        0x0 /usr/local/gcc-arm-none-eabi-10.3-2021.10/bin/../lib/gcc/arm-none-eabi/10.3.1/thumb/v7e-m+fp/hard/crtbegin.o

.tdata          0x0000000020000098        0x0 load address 0x0000000008003db4
 *(.tdata .tdata.* .gnu.linkonce.td.*)
                0x0000000020000098                . = ALIGN (0x4)
                0x0000000020000098                _edata = .
                [!provide]                        PROVIDE (__data_end = .)
                [!provide]                        PROVIDE (__tdata_end = .)
                [!provide]                        PROVIDE (__tdata_start = ADDR (.tdata))
                [!provide]                        PROVIDE (__tdata_size = (__tdata_end - __tdata_start))
                [!provide]                        PROVIDE (__data_start = ADDR (.data))
                [!provide]                        PROVIDE (__data_size = (__data_end - __data_start))
                [!provide]                        PROVIDE (__tdata_source = LOADADDR (.tdata))
                [!provide]                        PROVIDE (__tdata_source_end = (LOADADDR (.tdata) + SIZEOF (.tdata)))
                [!provide]                        PROVIDE (__tdata_source_size = (__tdata_source_end - __tdata_source))
                [!provide]                        PROVIDE (__data_source = LOADADDR (.data))
                [!provide]                        PROVIDE (__data_source_end = __tdata_source_end)
                [!provide]                        PROVIDE (__data_source_size = (__data_source_end - __data_source))

.tbss           0x0000000020000098        0x0 load address 0x0000000008003db4
                0x0000000020000098                _sbss = .
                0x0000000020000098                __bss_start__ = _sbss
 *(.tbss .tbss.*)
                0x0000000020000098                . = ALIGN (0x4)
                [!provide]                        PROVIDE (__tbss_end = .)
                [!provide]                        PROVIDE (__tbss_start = ADDR (.tbss))
                [!provide]                        PROVIDE (__tbss_size = (__tbss_end - __tbss_start))
                [!provide]                        PROVIDE (__tbss_offset = (ADDR (.tbss) - ADDR (.tdata)))
                [!provide]                        PROVIDE (__tls_base = __tdata_start)
                [!provide]                        PROVIDE (__tls_end = __tbss_end)
                [!provide]                        PROVIDE (__tls_size = (__tls_end - __tls_base))
                [!provide]                        PROVIDE (__tls_align = MAX (ALIGNOF (.tdata), ALIGNOF (.tbss)))
                [!provide]                        PROVIDE (__tls_size_align = (((__tls_size + __tls_align) - 0x1) & ~ ((__tls_align - 0x1))))
                [!provide]                        PROVIDE (__arm32_tls_tcb_offset = MAX (0x8, __tls_align))
                [!provide]                        PROVIDE (__arm64_tls_tcb_offset = MAX (0x10, __tls_align))

.bss            0x0000000020000098       0xd0 load address 0x0000000008003db4
 *(.bss)
 .bss           0x0000000020000098       0x1c /usr/local/gcc-arm-none-eabi-10.3-2021.10/bin/../lib/gcc/arm-none-eabi/10.3.1/thumb/v7e-m+fp/hard/crtbegin.o
 *(.bss*)
 .bss.uwTick    0x00000000200000b4        0x4 cmake/stm32cubemx/CMakeFiles/STM32_Drivers.dir/__/__/Drivers/STM32F4xx_HAL_Driver/Src/stm32f4xx_hal.c.obj
                0x00000000200000b4                uwTick
 .bss.currrent_position
                0x00000000200000b8        0xa CMakeFiles/zlink_test.dir/Core/Src/main.c.obj
                0x00000000200000b8                currrent_position
 *fill*         0x00000000200000c2        0x2 
 .bss.huart4    0x00000000200000c4       0x48 CMakeFiles/zlink_test.dir/Core/Src/usart.c.obj
                0x00000000200000c4                huart4
 .bss.huart1    0x000000002000010c       0x48 CMakeFiles/zlink_test.dir/Core/Src/usart.c.obj
                0x000000002000010c                huart1
 .bss.__sbrk_heap_end
                0x0000000020000154        0x4 CMakeFiles/zlink_test.dir/Core/Src/sysmem.c.obj
 .bss.__lock___malloc_recursive_mutex
                0x0000000020000158        0x1 /usr/local/gcc-arm-none-eabi-10.3-2021.10/bin/../lib/gcc/arm-none-eabi/10.3.1/../../../../arm-none-eabi/lib/thumb/v7e-m+fp/hard/libg_nano.a(lib_a-lock.o)
                0x0000000020000158                __lock___malloc_recursive_mutex
 .bss.__lock___sfp_recursive_mutex
                0x0000000020000159        0x1 /usr/local/gcc-arm-none-eabi-10.3-2021.10/bin/../lib/gcc/arm-none-eabi/10.3.1/../../../../arm-none-eabi/lib/thumb/v7e-m+fp/hard/libg_nano.a(lib_a-lock.o)
                0x0000000020000159                __lock___sfp_recursive_mutex
 .bss.__lock___sinit_recursive_mutex
                0x000000002000015a        0x1 /usr/local/gcc-arm-none-eabi-10.3-2021.10/bin/../lib/gcc/arm-none-eabi/10.3.1/../../../../arm-none-eabi/lib/thumb/v7e-m+fp/hard/libg_nano.a(lib_a-lock.o)
                0x000000002000015a                __lock___sinit_recursive_mutex
 *fill*         0x000000002000015b        0x1 
 .bss.__malloc_free_list
                0x000000002000015c        0x4 /usr/local/gcc-arm-none-eabi-10.3-2021.10/bin/../lib/gcc/arm-none-eabi/10.3.1/../../../../arm-none-eabi/lib/thumb/v7e-m+fp/hard/libg_nano.a(lib_a-nano-mallocr.o)
                0x000000002000015c                __malloc_free_list
 .bss.__malloc_sbrk_start
                0x0000000020000160        0x4 /usr/local/gcc-arm-none-eabi-10.3-2021.10/bin/../lib/gcc/arm-none-eabi/10.3.1/../../../../arm-none-eabi/lib/thumb/v7e-m+fp/hard/libg_nano.a(lib_a-nano-mallocr.o)
                0x0000000020000160                __malloc_sbrk_start
 .bss.errno     0x0000000020000164        0x4 /usr/local/gcc-arm-none-eabi-10.3-2021.10/bin/../lib/gcc/arm-none-eabi/10.3.1/../../../../arm-none-eabi/lib/thumb/v7e-m+fp/hard/libg_nano.a(lib_a-reent.o)
                0x0000000020000164                errno
 *(COMMON)
                0x0000000020000168                . = ALIGN (0x4)
                0x0000000020000168                _ebss = .
                0x0000000020000168                __bss_end__ = _ebss
                [!provide]                        PROVIDE (__bss_end = .)
                [!provide]                        PROVIDE (__non_tls_bss_start = ADDR (.bss))
                [!provide]                        PROVIDE (__bss_start = __tbss_start)
                [!provide]                        PROVIDE (__bss_size = (__bss_end - __bss_start))

._user_heap_stack
                0x0000000020000168      0x600 load address 0x0000000008003db4
                0x0000000020000168                . = ALIGN (0x8)
                [!provide]                        PROVIDE (end = .)
                0x0000000020000168                PROVIDE (_end = .)
                0x0000000020000368                . = (. + _Min_Heap_Size)
 *fill*         0x0000000020000168      0x200 
                0x0000000020000768                . = (. + _Min_Stack_Size)
 *fill*         0x0000000020000368      0x400 
                0x0000000020000768                . = ALIGN (0x8)

/DISCARD/
 libc.a:*(*)
 libm.a:*(*)
 libgcc.a:*(*)
OUTPUT(zlink_test.elf elf32-littlearm)
LOAD linker stubs

.ARM.attributes
                0x0000000000000000       0x30
 .ARM.attributes
                0x0000000000000000       0x1e /usr/local/gcc-arm-none-eabi-10.3-2021.10/bin/../lib/gcc/arm-none-eabi/10.3.1/thumb/v7e-m+fp/hard/crti.o
 .ARM.attributes
                0x000000000000001e       0x34 /usr/local/gcc-arm-none-eabi-10.3-2021.10/bin/../lib/gcc/arm-none-eabi/10.3.1/thumb/v7e-m+fp/hard/crtbegin.o
 .ARM.attributes
                0x0000000000000052       0x34 cmake/stm32cubemx/CMakeFiles/STM32_Drivers.dir/__/__/Core/Src/system_stm32f4xx.c.obj
 .ARM.attributes
                0x0000000000000086       0x34 cmake/stm32cubemx/CMakeFiles/STM32_Drivers.dir/__/__/Drivers/STM32F4xx_HAL_Driver/Src/stm32f4xx_hal_uart.c.obj
 .ARM.attributes
                0x00000000000000ba       0x34 cmake/stm32cubemx/CMakeFiles/STM32_Drivers.dir/__/__/Drivers/STM32F4xx_HAL_Driver/Src/stm32f4xx_hal_rcc.c.obj
 .ARM.attributes
                0x00000000000000ee       0x34 cmake/stm32cubemx/CMakeFiles/STM32_Drivers.dir/__/__/Drivers/STM32F4xx_HAL_Driver/Src/stm32f4xx_hal_gpio.c.obj
 .ARM.attributes
                0x0000000000000122       0x34 cmake/stm32cubemx/CMakeFiles/STM32_Drivers.dir/__/__/Drivers/STM32F4xx_HAL_Driver/Src/stm32f4xx_hal_dma.c.obj
 .ARM.attributes
                0x0000000000000156       0x34 cmake/stm32cubemx/CMakeFiles/STM32_Drivers.dir/__/__/Drivers/STM32F4xx_HAL_Driver/Src/stm32f4xx_hal_cortex.c.obj
 .ARM.attributes
                0x000000000000018a       0x34 cmake/stm32cubemx/CMakeFiles/STM32_Drivers.dir/__/__/Drivers/STM32F4xx_HAL_Driver/Src/stm32f4xx_hal.c.obj
 .ARM.attributes
                0x00000000000001be       0x34 CMakeFiles/zlink_test.dir/Core/Src/main.c.obj
 .ARM.attributes
                0x00000000000001f2       0x34 CMakeFiles/zlink_test.dir/Core/Src/gpio.c.obj
 .ARM.attributes
                0x0000000000000226       0x34 CMakeFiles/zlink_test.dir/Core/Src/usart.c.obj
 .ARM.attributes
                0x000000000000025a       0x34 CMakeFiles/zlink_test.dir/Core/Src/stm32f4xx_it.c.obj
 .ARM.attributes
                0x000000000000028e       0x34 CMakeFiles/zlink_test.dir/Core/Src/stm32f4xx_hal_msp.c.obj
 .ARM.attributes
                0x00000000000002c2       0x34 CMakeFiles/zlink_test.dir/Core/Src/sysmem.c.obj
 .ARM.attributes
                0x00000000000002f6       0x34 CMakeFiles/zlink_test.dir/Core/Src/syscalls.c.obj
 .ARM.attributes
                0x000000000000032a       0x21 CMakeFiles/zlink_test.dir/startup_stm32f407xx.s.obj
 .ARM.attributes
                0x000000000000034b       0x1e /usr/local/gcc-arm-none-eabi-10.3-2021.10/bin/../lib/gcc/arm-none-eabi/10.3.1/thumb/v7e-m+fp/hard/libgcc.a(_aeabi_uldivmod.o)
 .ARM.attributes
                0x0000000000000369       0x34 /usr/local/gcc-arm-none-eabi-10.3-2021.10/bin/../lib/gcc/arm-none-eabi/10.3.1/thumb/v7e-m+fp/hard/libgcc.a(_udivmoddi4.o)
 .ARM.attributes
                0x000000000000039d       0x1e /usr/local/gcc-arm-none-eabi-10.3-2021.10/bin/../lib/gcc/arm-none-eabi/10.3.1/thumb/v7e-m+fp/hard/libgcc.a(_dvmd_tls.o)
 .ARM.attributes
                0x00000000000003bb       0x34 /usr/local/gcc-arm-none-eabi-10.3-2021.10/bin/../lib/gcc/arm-none-eabi/10.3.1/../../../../arm-none-eabi/lib/thumb/v7e-m+fp/hard/libg_nano.a(lib_a-errno.o)
 .ARM.attributes
                0x00000000000003ef       0x34 /usr/local/gcc-arm-none-eabi-10.3-2021.10/bin/../lib/gcc/arm-none-eabi/10.3.1/../../../../arm-none-eabi/lib/thumb/v7e-m+fp/hard/libg_nano.a(lib_a-impure.o)
 .ARM.attributes
                0x0000000000000423       0x34 /usr/local/gcc-arm-none-eabi-10.3-2021.10/bin/../lib/gcc/arm-none-eabi/10.3.1/../../../../arm-none-eabi/lib/thumb/v7e-m+fp/hard/libg_nano.a(lib_a-init.o)
 .ARM.attributes
                0x0000000000000457       0x34 /usr/local/gcc-arm-none-eabi-10.3-2021.10/bin/../lib/gcc/arm-none-eabi/10.3.1/../../../../arm-none-eabi/lib/thumb/v7e-m+fp/hard/libg_nano.a(lib_a-memset.o)
 .ARM.attributes
                0x000000000000048b       0x34 /usr/local/gcc-arm-none-eabi-10.3-2021.10/bin/../lib/gcc/arm-none-eabi/10.3.1/../../../../arm-none-eabi/lib/thumb/v7e-m+fp/hard/libg_nano.a(lib_a-printf.o)
 .ARM.attributes
                0x00000000000004bf       0x34 /usr/local/gcc-arm-none-eabi-10.3-2021.10/bin/../lib/gcc/arm-none-eabi/10.3.1/../../../../arm-none-eabi/lib/thumb/v7e-m+fp/hard/libg_nano.a(lib_a-findfp.o)
 .ARM.attributes
                0x00000000000004f3       0x34 /usr/local/gcc-arm-none-eabi-10.3-2021.10/bin/../lib/gcc/arm-none-eabi/10.3.1/../../../../arm-none-eabi/lib/thumb/v7e-m+fp/hard/libg_nano.a(lib_a-fwalk.o)
 .ARM.attributes
                0x0000000000000527       0x34 /usr/local/gcc-arm-none-eabi-10.3-2021.10/bin/../lib/gcc/arm-none-eabi/10.3.1/../../../../arm-none-eabi/lib/thumb/v7e-m+fp/hard/libg_nano.a(lib_a-lock.o)
 .ARM.attributes
                0x000000000000055b       0x34 /usr/local/gcc-arm-none-eabi-10.3-2021.10/bin/../lib/gcc/arm-none-eabi/10.3.1/../../../../arm-none-eabi/lib/thumb/v7e-m+fp/hard/libg_nano.a(lib_a-nano-mallocr.o)
 .ARM.attributes
                0x000000000000058f       0x34 /usr/local/gcc-arm-none-eabi-10.3-2021.10/bin/../lib/gcc/arm-none-eabi/10.3.1/../../../../arm-none-eabi/lib/thumb/v7e-m+fp/hard/libg_nano.a(lib_a-nano-vfprintf.o)
 .ARM.attributes
                0x00000000000005c3       0x34 /usr/local/gcc-arm-none-eabi-10.3-2021.10/bin/../lib/gcc/arm-none-eabi/10.3.1/../../../../arm-none-eabi/lib/thumb/v7e-m+fp/hard/libg_nano.a(lib_a-nano-vfprintf_i.o)
 .ARM.attributes
                0x00000000000005f7       0x34 /usr/local/gcc-arm-none-eabi-10.3-2021.10/bin/../lib/gcc/arm-none-eabi/10.3.1/../../../../arm-none-eabi/lib/thumb/v7e-m+fp/hard/libg_nano.a(lib_a-sbrkr.o)
 .ARM.attributes
                0x000000000000062b       0x34 /usr/local/gcc-arm-none-eabi-10.3-2021.10/bin/../lib/gcc/arm-none-eabi/10.3.1/../../../../arm-none-eabi/lib/thumb/v7e-m+fp/hard/libg_nano.a(lib_a-stdio.o)
 .ARM.attributes
                0x000000000000065f       0x34 /usr/local/gcc-arm-none-eabi-10.3-2021.10/bin/../lib/gcc/arm-none-eabi/10.3.1/../../../../arm-none-eabi/lib/thumb/v7e-m+fp/hard/libg_nano.a(lib_a-wbuf.o)
 .ARM.attributes
                0x0000000000000693       0x34 /usr/local/gcc-arm-none-eabi-10.3-2021.10/bin/../lib/gcc/arm-none-eabi/10.3.1/../../../../arm-none-eabi/lib/thumb/v7e-m+fp/hard/libg_nano.a(lib_a-writer.o)
 .ARM.attributes
                0x00000000000006c7       0x34 /usr/local/gcc-arm-none-eabi-10.3-2021.10/bin/../lib/gcc/arm-none-eabi/10.3.1/../../../../arm-none-eabi/lib/thumb/v7e-m+fp/hard/libg_nano.a(lib_a-wsetup.o)
 .ARM.attributes
                0x00000000000006fb       0x34 /usr/local/gcc-arm-none-eabi-10.3-2021.10/bin/../lib/gcc/arm-none-eabi/10.3.1/../../../../arm-none-eabi/lib/thumb/v7e-m+fp/hard/libg_nano.a(lib_a-closer.o)
 .ARM.attributes
                0x000000000000072f       0x34 /usr/local/gcc-arm-none-eabi-10.3-2021.10/bin/../lib/gcc/arm-none-eabi/10.3.1/../../../../arm-none-eabi/lib/thumb/v7e-m+fp/hard/libg_nano.a(lib_a-fflush.o)
 .ARM.attributes
                0x0000000000000763       0x34 /usr/local/gcc-arm-none-eabi-10.3-2021.10/bin/../lib/gcc/arm-none-eabi/10.3.1/../../../../arm-none-eabi/lib/thumb/v7e-m+fp/hard/libg_nano.a(lib_a-lseekr.o)
 .ARM.attributes
                0x0000000000000797       0x34 /usr/local/gcc-arm-none-eabi-10.3-2021.10/bin/../lib/gcc/arm-none-eabi/10.3.1/../../../../arm-none-eabi/lib/thumb/v7e-m+fp/hard/libg_nano.a(lib_a-makebuf.o)
 .ARM.attributes
                0x00000000000007cb       0x1c /usr/local/gcc-arm-none-eabi-10.3-2021.10/bin/../lib/gcc/arm-none-eabi/10.3.1/../../../../arm-none-eabi/lib/thumb/v7e-m+fp/hard/libg_nano.a(lib_a-memchr.o)
 .ARM.attributes
                0x00000000000007e7       0x34 /usr/local/gcc-arm-none-eabi-10.3-2021.10/bin/../lib/gcc/arm-none-eabi/10.3.1/../../../../arm-none-eabi/lib/thumb/v7e-m+fp/hard/libg_nano.a(lib_a-mlock.o)
 .ARM.attributes
                0x000000000000081b       0x34 /usr/local/gcc-arm-none-eabi-10.3-2021.10/bin/../lib/gcc/arm-none-eabi/10.3.1/../../../../arm-none-eabi/lib/thumb/v7e-m+fp/hard/libg_nano.a(lib_a-nano-freer.o)
 .ARM.attributes
                0x000000000000084f       0x34 /usr/local/gcc-arm-none-eabi-10.3-2021.10/bin/../lib/gcc/arm-none-eabi/10.3.1/../../../../arm-none-eabi/lib/thumb/v7e-m+fp/hard/libg_nano.a(lib_a-readr.o)
 .ARM.attributes
                0x0000000000000883       0x34 /usr/local/gcc-arm-none-eabi-10.3-2021.10/bin/../lib/gcc/arm-none-eabi/10.3.1/../../../../arm-none-eabi/lib/thumb/v7e-m+fp/hard/libg_nano.a(lib_a-reent.o)
 .ARM.attributes
                0x00000000000008b7       0x34 /usr/local/gcc-arm-none-eabi-10.3-2021.10/bin/../lib/gcc/arm-none-eabi/10.3.1/../../../../arm-none-eabi/lib/thumb/v7e-m+fp/hard/libg_nano.a(lib_a-fstatr.o)
 .ARM.attributes
                0x00000000000008eb       0x34 /usr/local/gcc-arm-none-eabi-10.3-2021.10/bin/../lib/gcc/arm-none-eabi/10.3.1/../../../../arm-none-eabi/lib/thumb/v7e-m+fp/hard/libg_nano.a(lib_a-isattyr.o)
 .ARM.attributes
                0x000000000000091f       0x1e /usr/local/gcc-arm-none-eabi-10.3-2021.10/bin/../lib/gcc/arm-none-eabi/10.3.1/thumb/v7e-m+fp/hard/crtn.o

.comment        0x0000000000000000       0x49
 .comment       0x0000000000000000       0x49 cmake/stm32cubemx/CMakeFiles/STM32_Drivers.dir/__/__/Core/Src/system_stm32f4xx.c.obj
                                         0x4a (size before relaxing)
 .comment       0x0000000000000049       0x4a cmake/stm32cubemx/CMakeFiles/STM32_Drivers.dir/__/__/Drivers/STM32F4xx_HAL_Driver/Src/stm32f4xx_hal_uart.c.obj
 .comment       0x0000000000000049       0x4a cmake/stm32cubemx/CMakeFiles/STM32_Drivers.dir/__/__/Drivers/STM32F4xx_HAL_Driver/Src/stm32f4xx_hal_rcc.c.obj
 .comment       0x0000000000000049       0x4a cmake/stm32cubemx/CMakeFiles/STM32_Drivers.dir/__/__/Drivers/STM32F4xx_HAL_Driver/Src/stm32f4xx_hal_gpio.c.obj
 .comment       0x0000000000000049       0x4a cmake/stm32cubemx/CMakeFiles/STM32_Drivers.dir/__/__/Drivers/STM32F4xx_HAL_Driver/Src/stm32f4xx_hal_dma.c.obj
 .comment       0x0000000000000049       0x4a cmake/stm32cubemx/CMakeFiles/STM32_Drivers.dir/__/__/Drivers/STM32F4xx_HAL_Driver/Src/stm32f4xx_hal_cortex.c.obj
 .comment       0x0000000000000049       0x4a cmake/stm32cubemx/CMakeFiles/STM32_Drivers.dir/__/__/Drivers/STM32F4xx_HAL_Driver/Src/stm32f4xx_hal.c.obj
 .comment       0x0000000000000049       0x4a CMakeFiles/zlink_test.dir/Core/Src/main.c.obj
 .comment       0x0000000000000049       0x4a CMakeFiles/zlink_test.dir/Core/Src/gpio.c.obj
 .comment       0x0000000000000049       0x4a CMakeFiles/zlink_test.dir/Core/Src/usart.c.obj
 .comment       0x0000000000000049       0x4a CMakeFiles/zlink_test.dir/Core/Src/stm32f4xx_it.c.obj
 .comment       0x0000000000000049       0x4a CMakeFiles/zlink_test.dir/Core/Src/stm32f4xx_hal_msp.c.obj
 .comment       0x0000000000000049       0x4a CMakeFiles/zlink_test.dir/Core/Src/sysmem.c.obj
 .comment       0x0000000000000049       0x4a CMakeFiles/zlink_test.dir/Core/Src/syscalls.c.obj

.debug_info     0x0000000000000000     0x91c0
 .debug_info    0x0000000000000000      0x523 cmake/stm32cubemx/CMakeFiles/STM32_Drivers.dir/__/__/Core/Src/system_stm32f4xx.c.obj
 .debug_info    0x0000000000000523     0x30c0 cmake/stm32cubemx/CMakeFiles/STM32_Drivers.dir/__/__/Drivers/STM32F4xx_HAL_Driver/Src/stm32f4xx_hal_uart.c.obj
 .debug_info    0x00000000000035e3      0x937 cmake/stm32cubemx/CMakeFiles/STM32_Drivers.dir/__/__/Drivers/STM32F4xx_HAL_Driver/Src/stm32f4xx_hal_rcc.c.obj
 .debug_info    0x0000000000003f1a      0x76a cmake/stm32cubemx/CMakeFiles/STM32_Drivers.dir/__/__/Drivers/STM32F4xx_HAL_Driver/Src/stm32f4xx_hal_gpio.c.obj
 .debug_info    0x0000000000004684      0x943 cmake/stm32cubemx/CMakeFiles/STM32_Drivers.dir/__/__/Drivers/STM32F4xx_HAL_Driver/Src/stm32f4xx_hal_dma.c.obj
 .debug_info    0x0000000000004fc7      0xe63 cmake/stm32cubemx/CMakeFiles/STM32_Drivers.dir/__/__/Drivers/STM32F4xx_HAL_Driver/Src/stm32f4xx_hal_cortex.c.obj
 .debug_info    0x0000000000005e2a      0x929 cmake/stm32cubemx/CMakeFiles/STM32_Drivers.dir/__/__/Drivers/STM32F4xx_HAL_Driver/Src/stm32f4xx_hal.c.obj
 .debug_info    0x0000000000006753      0xab6 CMakeFiles/zlink_test.dir/Core/Src/main.c.obj
 .debug_info    0x0000000000007209      0x28b CMakeFiles/zlink_test.dir/Core/Src/gpio.c.obj
 .debug_info    0x0000000000007494      0xbe4 CMakeFiles/zlink_test.dir/Core/Src/usart.c.obj
 .debug_info    0x0000000000008078      0x662 CMakeFiles/zlink_test.dir/Core/Src/stm32f4xx_it.c.obj
 .debug_info    0x00000000000086da      0x2a8 CMakeFiles/zlink_test.dir/Core/Src/stm32f4xx_hal_msp.c.obj
 .debug_info    0x0000000000008982      0x15f CMakeFiles/zlink_test.dir/Core/Src/sysmem.c.obj
 .debug_info    0x0000000000008ae1      0x6bd CMakeFiles/zlink_test.dir/Core/Src/syscalls.c.obj
 .debug_info    0x000000000000919e       0x22 CMakeFiles/zlink_test.dir/startup_stm32f407xx.s.obj

.debug_abbrev   0x0000000000000000     0x17f7
 .debug_abbrev  0x0000000000000000      0x116 cmake/stm32cubemx/CMakeFiles/STM32_Drivers.dir/__/__/Core/Src/system_stm32f4xx.c.obj
 .debug_abbrev  0x0000000000000116      0x2b3 cmake/stm32cubemx/CMakeFiles/STM32_Drivers.dir/__/__/Drivers/STM32F4xx_HAL_Driver/Src/stm32f4xx_hal_uart.c.obj
 .debug_abbrev  0x00000000000003c9      0x262 cmake/stm32cubemx/CMakeFiles/STM32_Drivers.dir/__/__/Drivers/STM32F4xx_HAL_Driver/Src/stm32f4xx_hal_rcc.c.obj
 .debug_abbrev  0x000000000000062b      0x1c4 cmake/stm32cubemx/CMakeFiles/STM32_Drivers.dir/__/__/Drivers/STM32F4xx_HAL_Driver/Src/stm32f4xx_hal_gpio.c.obj
 .debug_abbrev  0x00000000000007ef      0x246 cmake/stm32cubemx/CMakeFiles/STM32_Drivers.dir/__/__/Drivers/STM32F4xx_HAL_Driver/Src/stm32f4xx_hal_dma.c.obj
 .debug_abbrev  0x0000000000000a35      0x30d cmake/stm32cubemx/CMakeFiles/STM32_Drivers.dir/__/__/Drivers/STM32F4xx_HAL_Driver/Src/stm32f4xx_hal_cortex.c.obj
 .debug_abbrev  0x0000000000000d42      0x1da cmake/stm32cubemx/CMakeFiles/STM32_Drivers.dir/__/__/Drivers/STM32F4xx_HAL_Driver/Src/stm32f4xx_hal.c.obj
 .debug_abbrev  0x0000000000000f1c      0x210 CMakeFiles/zlink_test.dir/Core/Src/main.c.obj
 .debug_abbrev  0x000000000000112c       0xc9 CMakeFiles/zlink_test.dir/Core/Src/gpio.c.obj
 .debug_abbrev  0x00000000000011f5      0x1b1 CMakeFiles/zlink_test.dir/Core/Src/usart.c.obj
 .debug_abbrev  0x00000000000013a6      0x13e CMakeFiles/zlink_test.dir/Core/Src/stm32f4xx_it.c.obj
 .debug_abbrev  0x00000000000014e4       0xd4 CMakeFiles/zlink_test.dir/Core/Src/stm32f4xx_hal_msp.c.obj
 .debug_abbrev  0x00000000000015b8       0xa6 CMakeFiles/zlink_test.dir/Core/Src/sysmem.c.obj
 .debug_abbrev  0x000000000000165e      0x187 CMakeFiles/zlink_test.dir/Core/Src/syscalls.c.obj
 .debug_abbrev  0x00000000000017e5       0x12 CMakeFiles/zlink_test.dir/startup_stm32f407xx.s.obj

.debug_aranges  0x0000000000000000      0x7c8
 .debug_aranges
                0x0000000000000000       0x28 cmake/stm32cubemx/CMakeFiles/STM32_Drivers.dir/__/__/Core/Src/system_stm32f4xx.c.obj
 .debug_aranges
                0x0000000000000028      0x208 cmake/stm32cubemx/CMakeFiles/STM32_Drivers.dir/__/__/Drivers/STM32F4xx_HAL_Driver/Src/stm32f4xx_hal_uart.c.obj
 .debug_aranges
                0x0000000000000230       0x88 cmake/stm32cubemx/CMakeFiles/STM32_Drivers.dir/__/__/Drivers/STM32F4xx_HAL_Driver/Src/stm32f4xx_hal_rcc.c.obj
 .debug_aranges
                0x00000000000002b8       0x58 cmake/stm32cubemx/CMakeFiles/STM32_Drivers.dir/__/__/Drivers/STM32F4xx_HAL_Driver/Src/stm32f4xx_hal_gpio.c.obj
 .debug_aranges
                0x0000000000000310       0x90 cmake/stm32cubemx/CMakeFiles/STM32_Drivers.dir/__/__/Drivers/STM32F4xx_HAL_Driver/Src/stm32f4xx_hal_dma.c.obj
 .debug_aranges
                0x00000000000003a0      0x130 cmake/stm32cubemx/CMakeFiles/STM32_Drivers.dir/__/__/Drivers/STM32F4xx_HAL_Driver/Src/stm32f4xx_hal_cortex.c.obj
 .debug_aranges
                0x00000000000004d0       0xf0 cmake/stm32cubemx/CMakeFiles/STM32_Drivers.dir/__/__/Drivers/STM32F4xx_HAL_Driver/Src/stm32f4xx_hal.c.obj
 .debug_aranges
                0x00000000000005c0       0x38 CMakeFiles/zlink_test.dir/Core/Src/main.c.obj
 .debug_aranges
                0x00000000000005f8       0x20 CMakeFiles/zlink_test.dir/Core/Src/gpio.c.obj
 .debug_aranges
                0x0000000000000618       0x38 CMakeFiles/zlink_test.dir/Core/Src/usart.c.obj
 .debug_aranges
                0x0000000000000650       0x68 CMakeFiles/zlink_test.dir/Core/Src/stm32f4xx_it.c.obj
 .debug_aranges
                0x00000000000006b8       0x20 CMakeFiles/zlink_test.dir/Core/Src/stm32f4xx_hal_msp.c.obj
 .debug_aranges
                0x00000000000006d8       0x20 CMakeFiles/zlink_test.dir/Core/Src/sysmem.c.obj
 .debug_aranges
                0x00000000000006f8       0xa8 CMakeFiles/zlink_test.dir/Core/Src/syscalls.c.obj
 .debug_aranges
                0x00000000000007a0       0x28 CMakeFiles/zlink_test.dir/startup_stm32f407xx.s.obj

.debug_ranges   0x0000000000000000      0x710
 .debug_ranges  0x0000000000000000       0x18 cmake/stm32cubemx/CMakeFiles/STM32_Drivers.dir/__/__/Core/Src/system_stm32f4xx.c.obj
 .debug_ranges  0x0000000000000018      0x228 cmake/stm32cubemx/CMakeFiles/STM32_Drivers.dir/__/__/Drivers/STM32F4xx_HAL_Driver/Src/stm32f4xx_hal_uart.c.obj
 .debug_ranges  0x0000000000000240       0x78 cmake/stm32cubemx/CMakeFiles/STM32_Drivers.dir/__/__/Drivers/STM32F4xx_HAL_Driver/Src/stm32f4xx_hal_rcc.c.obj
 .debug_ranges  0x00000000000002b8       0x48 cmake/stm32cubemx/CMakeFiles/STM32_Drivers.dir/__/__/Drivers/STM32F4xx_HAL_Driver/Src/stm32f4xx_hal_gpio.c.obj
 .debug_ranges  0x0000000000000300       0x80 cmake/stm32cubemx/CMakeFiles/STM32_Drivers.dir/__/__/Drivers/STM32F4xx_HAL_Driver/Src/stm32f4xx_hal_dma.c.obj
 .debug_ranges  0x0000000000000380      0x120 cmake/stm32cubemx/CMakeFiles/STM32_Drivers.dir/__/__/Drivers/STM32F4xx_HAL_Driver/Src/stm32f4xx_hal_cortex.c.obj
 .debug_ranges  0x00000000000004a0       0xe0 cmake/stm32cubemx/CMakeFiles/STM32_Drivers.dir/__/__/Drivers/STM32F4xx_HAL_Driver/Src/stm32f4xx_hal.c.obj
 .debug_ranges  0x0000000000000580       0x28 CMakeFiles/zlink_test.dir/Core/Src/main.c.obj
 .debug_ranges  0x00000000000005a8       0x10 CMakeFiles/zlink_test.dir/Core/Src/gpio.c.obj
 .debug_ranges  0x00000000000005b8       0x28 CMakeFiles/zlink_test.dir/Core/Src/usart.c.obj
 .debug_ranges  0x00000000000005e0       0x58 CMakeFiles/zlink_test.dir/Core/Src/stm32f4xx_it.c.obj
 .debug_ranges  0x0000000000000638       0x10 CMakeFiles/zlink_test.dir/Core/Src/stm32f4xx_hal_msp.c.obj
 .debug_ranges  0x0000000000000648       0x10 CMakeFiles/zlink_test.dir/Core/Src/sysmem.c.obj
 .debug_ranges  0x0000000000000658       0x98 CMakeFiles/zlink_test.dir/Core/Src/syscalls.c.obj
 .debug_ranges  0x00000000000006f0       0x20 CMakeFiles/zlink_test.dir/startup_stm32f407xx.s.obj

.debug_macro    0x0000000000000000    0x21138
 .debug_macro   0x0000000000000000      0x1ba cmake/stm32cubemx/CMakeFiles/STM32_Drivers.dir/__/__/Core/Src/system_stm32f4xx.c.obj
 .debug_macro   0x00000000000001ba      0xa78 cmake/stm32cubemx/CMakeFiles/STM32_Drivers.dir/__/__/Core/Src/system_stm32f4xx.c.obj
 .debug_macro   0x0000000000000c32       0x2e cmake/stm32cubemx/CMakeFiles/STM32_Drivers.dir/__/__/Core/Src/system_stm32f4xx.c.obj
 .debug_macro   0x0000000000000c60       0x2f cmake/stm32cubemx/CMakeFiles/STM32_Drivers.dir/__/__/Core/Src/system_stm32f4xx.c.obj
 .debug_macro   0x0000000000000c8f       0x22 cmake/stm32cubemx/CMakeFiles/STM32_Drivers.dir/__/__/Core/Src/system_stm32f4xx.c.obj
 .debug_macro   0x0000000000000cb1       0x8e cmake/stm32cubemx/CMakeFiles/STM32_Drivers.dir/__/__/Core/Src/system_stm32f4xx.c.obj
 .debug_macro   0x0000000000000d3f       0x51 cmake/stm32cubemx/CMakeFiles/STM32_Drivers.dir/__/__/Core/Src/system_stm32f4xx.c.obj
 .debug_macro   0x0000000000000d90      0x103 cmake/stm32cubemx/CMakeFiles/STM32_Drivers.dir/__/__/Core/Src/system_stm32f4xx.c.obj
 .debug_macro   0x0000000000000e93       0x6a cmake/stm32cubemx/CMakeFiles/STM32_Drivers.dir/__/__/Core/Src/system_stm32f4xx.c.obj
 .debug_macro   0x0000000000000efd      0x1df cmake/stm32cubemx/CMakeFiles/STM32_Drivers.dir/__/__/Core/Src/system_stm32f4xx.c.obj
 .debug_macro   0x00000000000010dc       0x1c cmake/stm32cubemx/CMakeFiles/STM32_Drivers.dir/__/__/Core/Src/system_stm32f4xx.c.obj
 .debug_macro   0x00000000000010f8       0x22 cmake/stm32cubemx/CMakeFiles/STM32_Drivers.dir/__/__/Core/Src/system_stm32f4xx.c.obj
 .debug_macro   0x000000000000111a       0xfb cmake/stm32cubemx/CMakeFiles/STM32_Drivers.dir/__/__/Core/Src/system_stm32f4xx.c.obj
 .debug_macro   0x0000000000001215     0x1011 cmake/stm32cubemx/CMakeFiles/STM32_Drivers.dir/__/__/Core/Src/system_stm32f4xx.c.obj
 .debug_macro   0x0000000000002226      0x11f cmake/stm32cubemx/CMakeFiles/STM32_Drivers.dir/__/__/Core/Src/system_stm32f4xx.c.obj
 .debug_macro   0x0000000000002345    0x15ea5 cmake/stm32cubemx/CMakeFiles/STM32_Drivers.dir/__/__/Core/Src/system_stm32f4xx.c.obj
 .debug_macro   0x00000000000181ea       0x6d cmake/stm32cubemx/CMakeFiles/STM32_Drivers.dir/__/__/Core/Src/system_stm32f4xx.c.obj
 .debug_macro   0x0000000000018257      0x295 cmake/stm32cubemx/CMakeFiles/STM32_Drivers.dir/__/__/Core/Src/system_stm32f4xx.c.obj
 .debug_macro   0x00000000000184ec     0x3693 cmake/stm32cubemx/CMakeFiles/STM32_Drivers.dir/__/__/Core/Src/system_stm32f4xx.c.obj
 .debug_macro   0x000000000001bb7f      0x174 cmake/stm32cubemx/CMakeFiles/STM32_Drivers.dir/__/__/Core/Src/system_stm32f4xx.c.obj
 .debug_macro   0x000000000001bcf3       0x5c cmake/stm32cubemx/CMakeFiles/STM32_Drivers.dir/__/__/Core/Src/system_stm32f4xx.c.obj
 .debug_macro   0x000000000001bd4f      0x980 cmake/stm32cubemx/CMakeFiles/STM32_Drivers.dir/__/__/Core/Src/system_stm32f4xx.c.obj
 .debug_macro   0x000000000001c6cf      0x9e9 cmake/stm32cubemx/CMakeFiles/STM32_Drivers.dir/__/__/Core/Src/system_stm32f4xx.c.obj
 .debug_macro   0x000000000001d0b8      0x115 cmake/stm32cubemx/CMakeFiles/STM32_Drivers.dir/__/__/Core/Src/system_stm32f4xx.c.obj
 .debug_macro   0x000000000001d1cd      0x13e cmake/stm32cubemx/CMakeFiles/STM32_Drivers.dir/__/__/Core/Src/system_stm32f4xx.c.obj
 .debug_macro   0x000000000001d30b       0xa5 cmake/stm32cubemx/CMakeFiles/STM32_Drivers.dir/__/__/Core/Src/system_stm32f4xx.c.obj
 .debug_macro   0x000000000001d3b0      0x174 cmake/stm32cubemx/CMakeFiles/STM32_Drivers.dir/__/__/Core/Src/system_stm32f4xx.c.obj
 .debug_macro   0x000000000001d524      0x287 cmake/stm32cubemx/CMakeFiles/STM32_Drivers.dir/__/__/Core/Src/system_stm32f4xx.c.obj
 .debug_macro   0x000000000001d7ab       0x5f cmake/stm32cubemx/CMakeFiles/STM32_Drivers.dir/__/__/Core/Src/system_stm32f4xx.c.obj
 .debug_macro   0x000000000001d80a      0x236 cmake/stm32cubemx/CMakeFiles/STM32_Drivers.dir/__/__/Core/Src/system_stm32f4xx.c.obj
 .debug_macro   0x000000000001da40      0x12c cmake/stm32cubemx/CMakeFiles/STM32_Drivers.dir/__/__/Core/Src/system_stm32f4xx.c.obj
 .debug_macro   0x000000000001db6c      0x21e cmake/stm32cubemx/CMakeFiles/STM32_Drivers.dir/__/__/Core/Src/system_stm32f4xx.c.obj
 .debug_macro   0x000000000001dd8a       0x2e cmake/stm32cubemx/CMakeFiles/STM32_Drivers.dir/__/__/Core/Src/system_stm32f4xx.c.obj
 .debug_macro   0x000000000001ddb8      0x127 cmake/stm32cubemx/CMakeFiles/STM32_Drivers.dir/__/__/Core/Src/system_stm32f4xx.c.obj
 .debug_macro   0x000000000001dedf       0x7e cmake/stm32cubemx/CMakeFiles/STM32_Drivers.dir/__/__/Core/Src/system_stm32f4xx.c.obj
 .debug_macro   0x000000000001df5d       0x89 cmake/stm32cubemx/CMakeFiles/STM32_Drivers.dir/__/__/Core/Src/system_stm32f4xx.c.obj
 .debug_macro   0x000000000001dfe6      0x2aa cmake/stm32cubemx/CMakeFiles/STM32_Drivers.dir/__/__/Core/Src/system_stm32f4xx.c.obj
 .debug_macro   0x000000000001e290      0x12d cmake/stm32cubemx/CMakeFiles/STM32_Drivers.dir/__/__/Core/Src/system_stm32f4xx.c.obj
 .debug_macro   0x000000000001e3bd      0x1bb cmake/stm32cubemx/CMakeFiles/STM32_Drivers.dir/__/__/Drivers/STM32F4xx_HAL_Driver/Src/stm32f4xx_hal_uart.c.obj
 .debug_macro   0x000000000001e578      0x1de cmake/stm32cubemx/CMakeFiles/STM32_Drivers.dir/__/__/Drivers/STM32F4xx_HAL_Driver/Src/stm32f4xx_hal_rcc.c.obj
 .debug_macro   0x000000000001e756      0x1c0 cmake/stm32cubemx/CMakeFiles/STM32_Drivers.dir/__/__/Drivers/STM32F4xx_HAL_Driver/Src/stm32f4xx_hal_gpio.c.obj
 .debug_macro   0x000000000001e916      0x1c0 cmake/stm32cubemx/CMakeFiles/STM32_Drivers.dir/__/__/Drivers/STM32F4xx_HAL_Driver/Src/stm32f4xx_hal_dma.c.obj
 .debug_macro   0x000000000001ead6      0x1ba cmake/stm32cubemx/CMakeFiles/STM32_Drivers.dir/__/__/Drivers/STM32F4xx_HAL_Driver/Src/stm32f4xx_hal_cortex.c.obj
 .debug_macro   0x000000000001ec90      0x21a cmake/stm32cubemx/CMakeFiles/STM32_Drivers.dir/__/__/Drivers/STM32F4xx_HAL_Driver/Src/stm32f4xx_hal.c.obj
 .debug_macro   0x000000000001eeaa      0x32c CMakeFiles/zlink_test.dir/Core/Src/main.c.obj
 .debug_macro   0x000000000001f1d6       0x64 CMakeFiles/zlink_test.dir/Core/Src/main.c.obj
 .debug_macro   0x000000000001f23a       0x1e CMakeFiles/zlink_test.dir/Core/Src/main.c.obj
 .debug_macro   0x000000000001f258       0x35 CMakeFiles/zlink_test.dir/Core/Src/main.c.obj
 .debug_macro   0x000000000001f28d       0x34 CMakeFiles/zlink_test.dir/Core/Src/main.c.obj
 .debug_macro   0x000000000001f2c1       0x16 CMakeFiles/zlink_test.dir/Core/Src/main.c.obj
 .debug_macro   0x000000000001f2d7       0x35 CMakeFiles/zlink_test.dir/Core/Src/main.c.obj
 .debug_macro   0x000000000001f30c      0x341 CMakeFiles/zlink_test.dir/Core/Src/main.c.obj
 .debug_macro   0x000000000001f64d       0x10 CMakeFiles/zlink_test.dir/Core/Src/main.c.obj
 .debug_macro   0x000000000001f65d       0x16 CMakeFiles/zlink_test.dir/Core/Src/main.c.obj
 .debug_macro   0x000000000001f673       0x43 CMakeFiles/zlink_test.dir/Core/Src/main.c.obj
 .debug_macro   0x000000000001f6b6       0x34 CMakeFiles/zlink_test.dir/Core/Src/main.c.obj
 .debug_macro   0x000000000001f6ea       0x10 CMakeFiles/zlink_test.dir/Core/Src/main.c.obj
 .debug_macro   0x000000000001f6fa       0x58 CMakeFiles/zlink_test.dir/Core/Src/main.c.obj
 .debug_macro   0x000000000001f752      0x182 CMakeFiles/zlink_test.dir/Core/Src/main.c.obj
 .debug_macro   0x000000000001f8d4       0x10 CMakeFiles/zlink_test.dir/Core/Src/main.c.obj
 .debug_macro   0x000000000001f8e4       0x1c CMakeFiles/zlink_test.dir/Core/Src/main.c.obj
 .debug_macro   0x000000000001f900       0x52 CMakeFiles/zlink_test.dir/Core/Src/main.c.obj
 .debug_macro   0x000000000001f952       0x22 CMakeFiles/zlink_test.dir/Core/Src/main.c.obj
 .debug_macro   0x000000000001f974       0x10 CMakeFiles/zlink_test.dir/Core/Src/main.c.obj
 .debug_macro   0x000000000001f984       0x52 CMakeFiles/zlink_test.dir/Core/Src/main.c.obj
 .debug_macro   0x000000000001f9d6       0xd5 CMakeFiles/zlink_test.dir/Core/Src/main.c.obj
 .debug_macro   0x000000000001faab       0x1c CMakeFiles/zlink_test.dir/Core/Src/main.c.obj
 .debug_macro   0x000000000001fac7       0x3d CMakeFiles/zlink_test.dir/Core/Src/main.c.obj
 .debug_macro   0x000000000001fb04       0x16 CMakeFiles/zlink_test.dir/Core/Src/main.c.obj
 .debug_macro   0x000000000001fb1a      0x16f CMakeFiles/zlink_test.dir/Core/Src/main.c.obj
 .debug_macro   0x000000000001fc89      0x1ce CMakeFiles/zlink_test.dir/Core/Src/gpio.c.obj
 .debug_macro   0x000000000001fe57      0x1ce CMakeFiles/zlink_test.dir/Core/Src/usart.c.obj
 .debug_macro   0x0000000000020025      0x1ce CMakeFiles/zlink_test.dir/Core/Src/stm32f4xx_it.c.obj
 .debug_macro   0x00000000000201f3      0x1c4 CMakeFiles/zlink_test.dir/Core/Src/stm32f4xx_hal_msp.c.obj
 .debug_macro   0x00000000000203b7       0xf0 CMakeFiles/zlink_test.dir/Core/Src/sysmem.c.obj
 .debug_macro   0x00000000000204a7       0x10 CMakeFiles/zlink_test.dir/Core/Src/sysmem.c.obj
 .debug_macro   0x00000000000204b7       0x5e CMakeFiles/zlink_test.dir/Core/Src/sysmem.c.obj
 .debug_macro   0x0000000000020515       0x94 CMakeFiles/zlink_test.dir/Core/Src/sysmem.c.obj
 .debug_macro   0x00000000000205a9       0x57 CMakeFiles/zlink_test.dir/Core/Src/sysmem.c.obj
 .debug_macro   0x0000000000020600      0x23b CMakeFiles/zlink_test.dir/Core/Src/sysmem.c.obj
 .debug_macro   0x000000000002083b      0x23d CMakeFiles/zlink_test.dir/Core/Src/syscalls.c.obj
 .debug_macro   0x0000000000020a78       0x10 CMakeFiles/zlink_test.dir/Core/Src/syscalls.c.obj
 .debug_macro   0x0000000000020a88       0x10 CMakeFiles/zlink_test.dir/Core/Src/syscalls.c.obj
 .debug_macro   0x0000000000020a98       0x10 CMakeFiles/zlink_test.dir/Core/Src/syscalls.c.obj
 .debug_macro   0x0000000000020aa8       0x35 CMakeFiles/zlink_test.dir/Core/Src/syscalls.c.obj
 .debug_macro   0x0000000000020add      0x12c CMakeFiles/zlink_test.dir/Core/Src/syscalls.c.obj
 .debug_macro   0x0000000000020c09       0x16 CMakeFiles/zlink_test.dir/Core/Src/syscalls.c.obj
 .debug_macro   0x0000000000020c1f       0x16 CMakeFiles/zlink_test.dir/Core/Src/syscalls.c.obj
 .debug_macro   0x0000000000020c35       0x29 CMakeFiles/zlink_test.dir/Core/Src/syscalls.c.obj
 .debug_macro   0x0000000000020c5e      0x241 CMakeFiles/zlink_test.dir/Core/Src/syscalls.c.obj
 .debug_macro   0x0000000000020e9f       0x1c CMakeFiles/zlink_test.dir/Core/Src/syscalls.c.obj
 .debug_macro   0x0000000000020ebb       0x10 CMakeFiles/zlink_test.dir/Core/Src/syscalls.c.obj
 .debug_macro   0x0000000000020ecb      0x189 CMakeFiles/zlink_test.dir/Core/Src/syscalls.c.obj
 .debug_macro   0x0000000000021054       0x16 CMakeFiles/zlink_test.dir/Core/Src/syscalls.c.obj
 .debug_macro   0x000000000002106a       0xce CMakeFiles/zlink_test.dir/Core/Src/syscalls.c.obj

.debug_line     0x0000000000000000     0x94cf
 .debug_line    0x0000000000000000      0x69d cmake/stm32cubemx/CMakeFiles/STM32_Drivers.dir/__/__/Core/Src/system_stm32f4xx.c.obj
 .debug_line    0x000000000000069d     0x2803 cmake/stm32cubemx/CMakeFiles/STM32_Drivers.dir/__/__/Drivers/STM32F4xx_HAL_Driver/Src/stm32f4xx_hal_uart.c.obj
 .debug_line    0x0000000000002ea0      0xca4 cmake/stm32cubemx/CMakeFiles/STM32_Drivers.dir/__/__/Drivers/STM32F4xx_HAL_Driver/Src/stm32f4xx_hal_rcc.c.obj
 .debug_line    0x0000000000003b44      0xa86 cmake/stm32cubemx/CMakeFiles/STM32_Drivers.dir/__/__/Drivers/STM32F4xx_HAL_Driver/Src/stm32f4xx_hal_gpio.c.obj
 .debug_line    0x00000000000045ca      0xe76 cmake/stm32cubemx/CMakeFiles/STM32_Drivers.dir/__/__/Drivers/STM32F4xx_HAL_Driver/Src/stm32f4xx_hal_dma.c.obj
 .debug_line    0x0000000000005440      0xc0c cmake/stm32cubemx/CMakeFiles/STM32_Drivers.dir/__/__/Drivers/STM32F4xx_HAL_Driver/Src/stm32f4xx_hal_cortex.c.obj
 .debug_line    0x000000000000604c      0x912 cmake/stm32cubemx/CMakeFiles/STM32_Drivers.dir/__/__/Drivers/STM32F4xx_HAL_Driver/Src/stm32f4xx_hal.c.obj
 .debug_line    0x000000000000695e      0x840 CMakeFiles/zlink_test.dir/Core/Src/main.c.obj
 .debug_line    0x000000000000719e      0x626 CMakeFiles/zlink_test.dir/Core/Src/gpio.c.obj
 .debug_line    0x00000000000077c4      0x701 CMakeFiles/zlink_test.dir/Core/Src/usart.c.obj
 .debug_line    0x0000000000007ec5      0x705 CMakeFiles/zlink_test.dir/Core/Src/stm32f4xx_it.c.obj
 .debug_line    0x00000000000085ca      0x62a CMakeFiles/zlink_test.dir/Core/Src/stm32f4xx_hal_msp.c.obj
 .debug_line    0x0000000000008bf4      0x29a CMakeFiles/zlink_test.dir/Core/Src/sysmem.c.obj
 .debug_line    0x0000000000008e8e      0x5a4 CMakeFiles/zlink_test.dir/Core/Src/syscalls.c.obj
 .debug_line    0x0000000000009432       0x9d CMakeFiles/zlink_test.dir/startup_stm32f407xx.s.obj

.debug_str      0x0000000000000000    0xc40c8
 .debug_str     0x0000000000000000    0xbcb12 cmake/stm32cubemx/CMakeFiles/STM32_Drivers.dir/__/__/Core/Src/system_stm32f4xx.c.obj
                                      0xbcd90 (size before relaxing)
 .debug_str     0x00000000000bcb12      0xae8 cmake/stm32cubemx/CMakeFiles/STM32_Drivers.dir/__/__/Drivers/STM32F4xx_HAL_Driver/Src/stm32f4xx_hal_uart.c.obj
                                      0xbd72e (size before relaxing)
 .debug_str     0x00000000000bd5fa      0x412 cmake/stm32cubemx/CMakeFiles/STM32_Drivers.dir/__/__/Drivers/STM32F4xx_HAL_Driver/Src/stm32f4xx_hal_rcc.c.obj
                                      0xbd19d (size before relaxing)
 .debug_str     0x00000000000bda0c      0x19f cmake/stm32cubemx/CMakeFiles/STM32_Drivers.dir/__/__/Drivers/STM32F4xx_HAL_Driver/Src/stm32f4xx_hal_gpio.c.obj
                                      0xbcf0b (size before relaxing)
 .debug_str     0x00000000000bdbab      0x347 cmake/stm32cubemx/CMakeFiles/STM32_Drivers.dir/__/__/Drivers/STM32F4xx_HAL_Driver/Src/stm32f4xx_hal_dma.c.obj
                                      0xbd19e (size before relaxing)
 .debug_str     0x00000000000bdef2      0x8ee cmake/stm32cubemx/CMakeFiles/STM32_Drivers.dir/__/__/Drivers/STM32F4xx_HAL_Driver/Src/stm32f4xx_hal_cortex.c.obj
                                      0xbd690 (size before relaxing)
 .debug_str     0x00000000000be7e0      0x5d7 cmake/stm32cubemx/CMakeFiles/STM32_Drivers.dir/__/__/Drivers/STM32F4xx_HAL_Driver/Src/stm32f4xx_hal.c.obj
                                      0xbd8c5 (size before relaxing)
 .debug_str     0x00000000000bedb7     0x3905 CMakeFiles/zlink_test.dir/Core/Src/main.c.obj
                                      0xc0b45 (size before relaxing)
 .debug_str     0x00000000000c26bc       0x44 CMakeFiles/zlink_test.dir/Core/Src/gpio.c.obj
                                      0xbcce0 (size before relaxing)
 .debug_str     0x00000000000c2700       0x65 CMakeFiles/zlink_test.dir/Core/Src/usart.c.obj
                                      0xbd71f (size before relaxing)
 .debug_str     0x00000000000c2765       0xf2 CMakeFiles/zlink_test.dir/Core/Src/stm32f4xx_it.c.obj
                                      0xbd0f5 (size before relaxing)
 .debug_str     0x00000000000c2857       0x44 CMakeFiles/zlink_test.dir/Core/Src/stm32f4xx_hal_msp.c.obj
                                      0xbcce0 (size before relaxing)
 .debug_str     0x00000000000c289b      0x4f6 CMakeFiles/zlink_test.dir/Core/Src/sysmem.c.obj
                                       0x5825 (size before relaxing)
 .debug_str     0x00000000000c2d91     0x12ec CMakeFiles/zlink_test.dir/Core/Src/syscalls.c.obj
                                       0x8574 (size before relaxing)
 .debug_str     0x00000000000c407d       0x4b CMakeFiles/zlink_test.dir/startup_stm32f407xx.s.obj
                                         0x7e (size before relaxing)

.debug_frame    0x0000000000000000     0x25d0
 .debug_frame   0x0000000000000000       0x58 cmake/stm32cubemx/CMakeFiles/STM32_Drivers.dir/__/__/Core/Src/system_stm32f4xx.c.obj
 .debug_frame   0x0000000000000058      0x954 cmake/stm32cubemx/CMakeFiles/STM32_Drivers.dir/__/__/Drivers/STM32F4xx_HAL_Driver/Src/stm32f4xx_hal_uart.c.obj
 .debug_frame   0x00000000000009ac      0x1f4 cmake/stm32cubemx/CMakeFiles/STM32_Drivers.dir/__/__/Drivers/STM32F4xx_HAL_Driver/Src/stm32f4xx_hal_rcc.c.obj
 .debug_frame   0x0000000000000ba0      0x14c cmake/stm32cubemx/CMakeFiles/STM32_Drivers.dir/__/__/Drivers/STM32F4xx_HAL_Driver/Src/stm32f4xx_hal_gpio.c.obj
 .debug_frame   0x0000000000000cec      0x250 cmake/stm32cubemx/CMakeFiles/STM32_Drivers.dir/__/__/Drivers/STM32F4xx_HAL_Driver/Src/stm32f4xx_hal_dma.c.obj
 .debug_frame   0x0000000000000f3c      0x508 cmake/stm32cubemx/CMakeFiles/STM32_Drivers.dir/__/__/Drivers/STM32F4xx_HAL_Driver/Src/stm32f4xx_hal_cortex.c.obj
 .debug_frame   0x0000000000001444      0x374 cmake/stm32cubemx/CMakeFiles/STM32_Drivers.dir/__/__/Drivers/STM32F4xx_HAL_Driver/Src/stm32f4xx_hal.c.obj
 .debug_frame   0x00000000000017b8       0x90 CMakeFiles/zlink_test.dir/Core/Src/main.c.obj
 .debug_frame   0x0000000000001848       0x38 CMakeFiles/zlink_test.dir/Core/Src/gpio.c.obj
 .debug_frame   0x0000000000001880       0x90 CMakeFiles/zlink_test.dir/Core/Src/usart.c.obj
 .debug_frame   0x0000000000001910      0x120 CMakeFiles/zlink_test.dir/Core/Src/stm32f4xx_it.c.obj
 .debug_frame   0x0000000000001a30       0x38 CMakeFiles/zlink_test.dir/Core/Src/stm32f4xx_hal_msp.c.obj
 .debug_frame   0x0000000000001a68       0x34 CMakeFiles/zlink_test.dir/Core/Src/sysmem.c.obj
 .debug_frame   0x0000000000001a9c      0x2ac CMakeFiles/zlink_test.dir/Core/Src/syscalls.c.obj
 .debug_frame   0x0000000000001d48       0x2c /usr/local/gcc-arm-none-eabi-10.3-2021.10/bin/../lib/gcc/arm-none-eabi/10.3.1/thumb/v7e-m+fp/hard/libgcc.a(_aeabi_uldivmod.o)
 .debug_frame   0x0000000000001d74       0x34 /usr/local/gcc-arm-none-eabi-10.3-2021.10/bin/../lib/gcc/arm-none-eabi/10.3.1/thumb/v7e-m+fp/hard/libgcc.a(_udivmoddi4.o)
 .debug_frame   0x0000000000001da8       0x20 /usr/local/gcc-arm-none-eabi-10.3-2021.10/bin/../lib/gcc/arm-none-eabi/10.3.1/../../../../arm-none-eabi/lib/thumb/v7e-m+fp/hard/libg_nano.a(lib_a-errno.o)
 .debug_frame   0x0000000000001dc8       0x2c /usr/local/gcc-arm-none-eabi-10.3-2021.10/bin/../lib/gcc/arm-none-eabi/10.3.1/../../../../arm-none-eabi/lib/thumb/v7e-m+fp/hard/libg_nano.a(lib_a-init.o)
 .debug_frame   0x0000000000001df4       0x20 /usr/local/gcc-arm-none-eabi-10.3-2021.10/bin/../lib/gcc/arm-none-eabi/10.3.1/../../../../arm-none-eabi/lib/thumb/v7e-m+fp/hard/libg_nano.a(lib_a-memset.o)
 .debug_frame   0x0000000000001e14       0x74 /usr/local/gcc-arm-none-eabi-10.3-2021.10/bin/../lib/gcc/arm-none-eabi/10.3.1/../../../../arm-none-eabi/lib/thumb/v7e-m+fp/hard/libg_nano.a(lib_a-printf.o)
 .debug_frame   0x0000000000001e88      0x14c /usr/local/gcc-arm-none-eabi-10.3-2021.10/bin/../lib/gcc/arm-none-eabi/10.3.1/../../../../arm-none-eabi/lib/thumb/v7e-m+fp/hard/libg_nano.a(lib_a-findfp.o)
 .debug_frame   0x0000000000001fd4       0x54 /usr/local/gcc-arm-none-eabi-10.3-2021.10/bin/../lib/gcc/arm-none-eabi/10.3.1/../../../../arm-none-eabi/lib/thumb/v7e-m+fp/hard/libg_nano.a(lib_a-fwalk.o)
 .debug_frame   0x0000000000002028       0xb0 /usr/local/gcc-arm-none-eabi-10.3-2021.10/bin/../lib/gcc/arm-none-eabi/10.3.1/../../../../arm-none-eabi/lib/thumb/v7e-m+fp/hard/libg_nano.a(lib_a-lock.o)
 .debug_frame   0x00000000000020d8       0x4c /usr/local/gcc-arm-none-eabi-10.3-2021.10/bin/../lib/gcc/arm-none-eabi/10.3.1/../../../../arm-none-eabi/lib/thumb/v7e-m+fp/hard/libg_nano.a(lib_a-nano-mallocr.o)
 .debug_frame   0x0000000000002124       0xac /usr/local/gcc-arm-none-eabi-10.3-2021.10/bin/../lib/gcc/arm-none-eabi/10.3.1/../../../../arm-none-eabi/lib/thumb/v7e-m+fp/hard/libg_nano.a(lib_a-nano-vfprintf.o)
 .debug_frame   0x00000000000021d0       0x60 /usr/local/gcc-arm-none-eabi-10.3-2021.10/bin/../lib/gcc/arm-none-eabi/10.3.1/../../../../arm-none-eabi/lib/thumb/v7e-m+fp/hard/libg_nano.a(lib_a-nano-vfprintf_i.o)
 .debug_frame   0x0000000000002230       0x2c /usr/local/gcc-arm-none-eabi-10.3-2021.10/bin/../lib/gcc/arm-none-eabi/10.3.1/../../../../arm-none-eabi/lib/thumb/v7e-m+fp/hard/libg_nano.a(lib_a-sbrkr.o)
 .debug_frame   0x000000000000225c       0x88 /usr/local/gcc-arm-none-eabi-10.3-2021.10/bin/../lib/gcc/arm-none-eabi/10.3.1/../../../../arm-none-eabi/lib/thumb/v7e-m+fp/hard/libg_nano.a(lib_a-stdio.o)
 .debug_frame   0x00000000000022e4       0x40 /usr/local/gcc-arm-none-eabi-10.3-2021.10/bin/../lib/gcc/arm-none-eabi/10.3.1/../../../../arm-none-eabi/lib/thumb/v7e-m+fp/hard/libg_nano.a(lib_a-wbuf.o)
 .debug_frame   0x0000000000002324       0x2c /usr/local/gcc-arm-none-eabi-10.3-2021.10/bin/../lib/gcc/arm-none-eabi/10.3.1/../../../../arm-none-eabi/lib/thumb/v7e-m+fp/hard/libg_nano.a(lib_a-writer.o)
 .debug_frame   0x0000000000002350       0x2c /usr/local/gcc-arm-none-eabi-10.3-2021.10/bin/../lib/gcc/arm-none-eabi/10.3.1/../../../../arm-none-eabi/lib/thumb/v7e-m+fp/hard/libg_nano.a(lib_a-wsetup.o)
 .debug_frame   0x000000000000237c       0x2c /usr/local/gcc-arm-none-eabi-10.3-2021.10/bin/../lib/gcc/arm-none-eabi/10.3.1/../../../../arm-none-eabi/lib/thumb/v7e-m+fp/hard/libg_nano.a(lib_a-closer.o)
 .debug_frame   0x00000000000023a8       0x5c /usr/local/gcc-arm-none-eabi-10.3-2021.10/bin/../lib/gcc/arm-none-eabi/10.3.1/../../../../arm-none-eabi/lib/thumb/v7e-m+fp/hard/libg_nano.a(lib_a-fflush.o)
 .debug_frame   0x0000000000002404       0x2c /usr/local/gcc-arm-none-eabi-10.3-2021.10/bin/../lib/gcc/arm-none-eabi/10.3.1/../../../../arm-none-eabi/lib/thumb/v7e-m+fp/hard/libg_nano.a(lib_a-lseekr.o)
 .debug_frame   0x0000000000002430       0x58 /usr/local/gcc-arm-none-eabi-10.3-2021.10/bin/../lib/gcc/arm-none-eabi/10.3.1/../../../../arm-none-eabi/lib/thumb/v7e-m+fp/hard/libg_nano.a(lib_a-makebuf.o)